Archive member included to satisfy reference by file (symbol)

/Applications/STM32CubeIDE.app/Contents/Eclipse/plugins/com.st.stm32cube.ide.mcu.externaltools.gnu-tools-for-stm32.13.3.rel1.macos64_1.0.0.202411102158/tools/bin/../lib/gcc/arm-none-eabi/13.3.1/../../../../arm-none-eabi/lib/thumb/v7e-m+fp/hard/libc_nano.a(libc_a-exit.o)
                              /Applications/STM32CubeIDE.app/Contents/Eclipse/plugins/com.st.stm32cube.ide.mcu.externaltools.gnu-tools-for-stm32.13.3.rel1.macos64_1.0.0.202411102158/tools/bin/../lib/gcc/arm-none-eabi/13.3.1/../../../../arm-none-eabi/lib/thumb/v7e-m+fp/hard/crt0.o (exit)
/Applications/STM32CubeIDE.app/Contents/Eclipse/plugins/com.st.stm32cube.ide.mcu.externaltools.gnu-tools-for-stm32.13.3.rel1.macos64_1.0.0.202411102158/tools/bin/../lib/gcc/arm-none-eabi/13.3.1/../../../../arm-none-eabi/lib/thumb/v7e-m+fp/hard/libc_nano.a(libc_a-malloc.o)
                              ./Core/Src/traffic_functions.o (malloc)
/Applications/STM32CubeIDE.app/Contents/Eclipse/plugins/com.st.stm32cube.ide.mcu.externaltools.gnu-tools-for-stm32.13.3.rel1.macos64_1.0.0.202411102158/tools/bin/../lib/gcc/arm-none-eabi/13.3.1/../../../../arm-none-eabi/lib/thumb/v7e-m+fp/hard/libc_nano.a(libc_a-mallocr.o)
                              /Applications/STM32CubeIDE.app/Contents/Eclipse/plugins/com.st.stm32cube.ide.mcu.externaltools.gnu-tools-for-stm32.13.3.rel1.macos64_1.0.0.202411102158/tools/bin/../lib/gcc/arm-none-eabi/13.3.1/../../../../arm-none-eabi/lib/thumb/v7e-m+fp/hard/libc_nano.a(libc_a-malloc.o) (_malloc_r)
/Applications/STM32CubeIDE.app/Contents/Eclipse/plugins/com.st.stm32cube.ide.mcu.externaltools.gnu-tools-for-stm32.13.3.rel1.macos64_1.0.0.202411102158/tools/bin/../lib/gcc/arm-none-eabi/13.3.1/../../../../arm-none-eabi/lib/thumb/v7e-m+fp/hard/libc_nano.a(libc_a-mlock.o)
                              /Applications/STM32CubeIDE.app/Contents/Eclipse/plugins/com.st.stm32cube.ide.mcu.externaltools.gnu-tools-for-stm32.13.3.rel1.macos64_1.0.0.202411102158/tools/bin/../lib/gcc/arm-none-eabi/13.3.1/../../../../arm-none-eabi/lib/thumb/v7e-m+fp/hard/libc_nano.a(libc_a-mallocr.o) (__malloc_lock)
/Applications/STM32CubeIDE.app/Contents/Eclipse/plugins/com.st.stm32cube.ide.mcu.externaltools.gnu-tools-for-stm32.13.3.rel1.macos64_1.0.0.202411102158/tools/bin/../lib/gcc/arm-none-eabi/13.3.1/../../../../arm-none-eabi/lib/thumb/v7e-m+fp/hard/libc_nano.a(libc_a-findfp.o)
                              ./Middlewares/Third_Party/FreeRTOS/Source/tasks.o (__sf)
/Applications/STM32CubeIDE.app/Contents/Eclipse/plugins/com.st.stm32cube.ide.mcu.externaltools.gnu-tools-for-stm32.13.3.rel1.macos64_1.0.0.202411102158/tools/bin/../lib/gcc/arm-none-eabi/13.3.1/../../../../arm-none-eabi/lib/thumb/v7e-m+fp/hard/libc_nano.a(libc_a-fwalk.o)
                              /Applications/STM32CubeIDE.app/Contents/Eclipse/plugins/com.st.stm32cube.ide.mcu.externaltools.gnu-tools-for-stm32.13.3.rel1.macos64_1.0.0.202411102158/tools/bin/../lib/gcc/arm-none-eabi/13.3.1/../../../../arm-none-eabi/lib/thumb/v7e-m+fp/hard/libc_nano.a(libc_a-findfp.o) (_fwalk_sglue)
/Applications/STM32CubeIDE.app/Contents/Eclipse/plugins/com.st.stm32cube.ide.mcu.externaltools.gnu-tools-for-stm32.13.3.rel1.macos64_1.0.0.202411102158/tools/bin/../lib/gcc/arm-none-eabi/13.3.1/../../../../arm-none-eabi/lib/thumb/v7e-m+fp/hard/libc_nano.a(libc_a-memset.o)
                              /Applications/STM32CubeIDE.app/Contents/Eclipse/plugins/com.st.stm32cube.ide.mcu.externaltools.gnu-tools-for-stm32.13.3.rel1.macos64_1.0.0.202411102158/tools/bin/../lib/gcc/arm-none-eabi/13.3.1/../../../../arm-none-eabi/lib/thumb/v7e-m+fp/hard/crt0.o (memset)
/Applications/STM32CubeIDE.app/Contents/Eclipse/plugins/com.st.stm32cube.ide.mcu.externaltools.gnu-tools-for-stm32.13.3.rel1.macos64_1.0.0.202411102158/tools/bin/../lib/gcc/arm-none-eabi/13.3.1/../../../../arm-none-eabi/lib/thumb/v7e-m+fp/hard/libc_nano.a(libc_a-sbrkr.o)
                              /Applications/STM32CubeIDE.app/Contents/Eclipse/plugins/com.st.stm32cube.ide.mcu.externaltools.gnu-tools-for-stm32.13.3.rel1.macos64_1.0.0.202411102158/tools/bin/../lib/gcc/arm-none-eabi/13.3.1/../../../../arm-none-eabi/lib/thumb/v7e-m+fp/hard/libc_nano.a(libc_a-mallocr.o) (_sbrk_r)
/Applications/STM32CubeIDE.app/Contents/Eclipse/plugins/com.st.stm32cube.ide.mcu.externaltools.gnu-tools-for-stm32.13.3.rel1.macos64_1.0.0.202411102158/tools/bin/../lib/gcc/arm-none-eabi/13.3.1/../../../../arm-none-eabi/lib/thumb/v7e-m+fp/hard/libc_nano.a(libc_a-init.o)
                              /Applications/STM32CubeIDE.app/Contents/Eclipse/plugins/com.st.stm32cube.ide.mcu.externaltools.gnu-tools-for-stm32.13.3.rel1.macos64_1.0.0.202411102158/tools/bin/../lib/gcc/arm-none-eabi/13.3.1/../../../../arm-none-eabi/lib/thumb/v7e-m+fp/hard/crt0.o (__libc_init_array)
[...]
Memory Configuration

Name             Origin             Length             Attributes
RAM              0x20000000         0x00018000         xrw
RAM2             0x10000000         0x00008000         xrw
FLASH            0x08000000         0x00100000         xr
*default*        0x00000000         0xffffffff

Linker script and memory map

LOAD /Applications/STM32CubeIDE.app/Contents/Eclipse/plugins/com.st.stm32cube.ide.mcu.externaltools.gnu-tools-for-stm32.13.3.rel1.macos64_1.0.0.202411102158/tools/bin/../lib/gcc/arm-none-eabi/13.3.1/thumb/v7e-m+fp/hard/crti.o
LOAD /Applications/STM32CubeIDE.app/Contents/Eclipse/plugins/com.st.stm32cube.ide.mcu.externaltools.gnu-tools-for-stm32.13.3.rel1.macos64_1.0.0.202411102158/tools/bin/../lib/gcc/arm-none-eabi/13.3.1/thumb/v7e-m+fp/hard/crtbegin.o
LOAD /Applications/STM32CubeIDE.app/Contents/Eclipse/plugins/com.st.stm32cube.ide.mcu.externaltools.gnu-tools-for-stm32.13.3.rel1.macos64_1.0.0.202411102158/tools/bin/../lib/gcc/arm-none-eabi/13.3.1/../../../../arm-none-eabi/lib/thumb/v7e-m+fp/hard/crt0.o
LOAD ./Core/Src/freertos.o
LOAD ./Core/Src/gpio.o
LOAD ./Core/Src/main.o
LOAD ./Core/Src/oled_functions.o
LOAD ./Core/Src/spi.o
LOAD ./Core/Src/ssd1306.o
LOAD ./Core/Src/ssd1306_fonts.o
LOAD ./Core/Src/stm32l4xx_hal_msp.o
LOAD ./Core/Src/stm32l4xx_hal_timebase_tim.o
LOAD ./Core/Src/stm32l4xx_it.o
LOAD ./Core/Src/system_stm32l4xx.o
LOAD ./Core/Src/test.o
LOAD ./Core/Src/traffic.o
LOAD ./Core/Src/traffic_functions.o
LOAD ./Core/Src/usart.o
LOAD ./Core/Startup/startup_stm32l476rgtx.o
LOAD ./Drivers/STM32L4xx_HAL_Driver/Src/stm32l4xx_hal.o
LOAD ./Drivers/STM32L4xx_HAL_Driver/Src/stm32l4xx_hal_cortex.o
LOAD ./Drivers/STM32L4xx_HAL_Driver/Src/stm32l4xx_hal_dma.o
LOAD ./Drivers/STM32L4xx_HAL_Driver/Src/stm32l4xx_hal_dma_ex.o
LOAD ./Drivers/STM32L4xx_HAL_Driver/Src/stm32l4xx_hal_exti.o
LOAD ./Drivers/STM32L4xx_HAL_Driver/Src/stm32l4xx_hal_flash.o
LOAD ./Drivers/STM32L4xx_HAL_Driver/Src/stm32l4xx_hal_flash_ex.o
LOAD ./Drivers/STM32L4xx_HAL_Driver/Src/stm32l4xx_hal_flash_ramfunc.o
LOAD ./Drivers/STM32L4xx_HAL_Driver/Src/stm32l4xx_hal_gpio.o
LOAD ./Drivers/STM32L4xx_HAL_Driver/Src/stm32l4xx_hal_i2c.o
LOAD ./Drivers/STM32L4xx_HAL_Driver/Src/stm32l4xx_hal_i2c_ex.o
LOAD ./Drivers/STM32L4xx_HAL_Driver/Src/stm32l4xx_hal_pwr.o
LOAD ./Drivers/STM32L4xx_HAL_Driver/Src/stm32l4xx_hal_pwr_ex.o
LOAD ./Drivers/STM32L4xx_HAL_Driver/Src/stm32l4xx_hal_rcc.o
LOAD ./Drivers/STM32L4xx_HAL_Driver/Src/stm32l4xx_hal_rcc_ex.o
LOAD ./Drivers/STM32L4xx_HAL_Driver/Src/stm32l4xx_hal_spi.o
LOAD ./Drivers/STM32L4xx_HAL_Driver/Src/stm32l4xx_hal_spi_ex.o
LOAD ./Drivers/STM32L4xx_HAL_Driver/Src/stm32l4xx_hal_tim.o
LOAD ./Drivers/STM32L4xx_HAL_Driver/Src/stm32l4xx_hal_tim_ex.o
LOAD ./Drivers/STM32L4xx_HAL_Driver/Src/stm32l4xx_hal_uart.o
LOAD ./Drivers/STM32L4xx_HAL_Driver/Src/stm32l4xx_hal_uart_ex.o
LOAD ./Middlewares/Third_Party/FreeRTOS/Source/CMSIS_RTOS_V2/cmsis_os2.o
LOAD ./Middlewares/Third_Party/FreeRTOS/Source/croutine.o
LOAD ./Middlewares/Third_Party/FreeRTOS/Source/event_groups.o
LOAD ./Middlewares/Third_Party/FreeRTOS/Source/list.o
LOAD ./Middlewares/Third_Party/FreeRTOS/Source/queue.o
LOAD ./Middlewares/Third_Party/FreeRTOS/Source/stream_buffer.o
LOAD ./Middlewares/Third_Party/FreeRTOS/Source/tasks.o
LOAD ./Middlewares/Third_Party/FreeRTOS/Source/timers.o
LOAD ./Middlewares/Third_Party/FreeRTOS/Source/portable/GCC/ARM_CM4F/port.o
LOAD ./Middlewares/Third_Party/FreeRTOS/Source/portable/MemMang/heap_4.o
START GROUP
LOAD /Applications/STM32CubeIDE.app/Contents/Eclipse/plugins/com.st.stm32cube.ide.mcu.externaltools.gnu-tools-for-stm32.13.3.rel1.macos64_1.0.0.202411102158/tools/bin/../lib/gcc/arm-none-eabi/13.3.1/../../../../arm-none-eabi/lib/thumb/v7e-m+fp/hard/libc_nano.a
LOAD /Applications/STM32CubeIDE.app/Contents/Eclipse/plugins/com.st.stm32cube.ide.mcu.externaltools.gnu-tools-for-stm32.13.3.rel1.macos64_1.0.0.202411102158/tools/bin/../lib/gcc/arm-none-eabi/13.3.1/../../../../arm-none-eabi/lib/thumb/v7e-m+fp/hard/libm.a
END GROUP
START GROUP
LOAD /Applications/STM32CubeIDE.app/Contents/Eclipse/plugins/com.st.stm32cube.ide.mcu.externaltools.gnu-tools-for-stm32.13.3.rel1.macos64_1.0.0.202411102158/tools/bin/../lib/gcc/arm-none-eabi/13.3.1/thumb/v7e-m+fp/hard/libgcc.a
LOAD /Applications/STM32CubeIDE.app/Contents/Eclipse/plugins/com.st.stm32cube.ide.mcu.externaltools.gnu-tools-for-stm32.13.3.rel1.macos64_1.0.0.202411102158/tools/bin/../lib/gcc/arm-none-eabi/13.3.1/../../../../arm-none-eabi/lib/thumb/v7e-m+fp/hard/libc_nano.a
END GROUP
START GROUP
LOAD /Applications/STM32CubeIDE.app/Contents/Eclipse/plugins/com.st.stm32cube.ide.mcu.externaltools.gnu-tools-for-stm32.13.3.rel1.macos64_1.0.0.202411102158/tools/bin/../lib/gcc/arm-none-eabi/13.3.1/thumb/v7e-m+fp/hard/libgcc.a
LOAD /Applications/STM32CubeIDE.app/Contents/Eclipse/plugins/com.st.stm32cube.ide.mcu.externaltools.gnu-tools-for-stm32.13.3.rel1.macos64_1.0.0.202411102158/tools/bin/../lib/gcc/arm-none-eabi/13.3.1/../../../../arm-none-eabi/lib/thumb/v7e-m+fp/hard/libc_nano.a
LOAD /Applications/STM32CubeIDE.app/Contents/Eclipse/plugins/com.st.stm32cube.ide.mcu.externaltools.gnu-tools-for-stm32.13.3.rel1.macos64_1.0.0.202411102158/tools/bin/../lib/gcc/arm-none-eabi/13.3.1/../../../../arm-none-eabi/lib/thumb/v7e-m+fp/hard/libnosys.a
END GROUP
START GROUP
LOAD /Applications/STM32CubeIDE.app/Contents/Eclipse/plugins/com.st.stm32cube.ide.mcu.externaltools.gnu-tools-for-stm32.13.3.rel1.macos64_1.0.0.202411102158/tools/bin/../lib/gcc/arm-none-eabi/13.3.1/thumb/v7e-m+fp/hard/libgcc.a
LOAD /Applications/STM32CubeIDE.app/Contents/Eclipse/plugins/com.st.stm32cube.ide.mcu.externaltools.gnu-tools-for-stm32.13.3.rel1.macos64_1.0.0.202411102158/tools/bin/../lib/gcc/arm-none-eabi/13.3.1/../../../../arm-none-eabi/lib/thumb/v7e-m+fp/hard/libc_nano.a
LOAD /Applications/STM32CubeIDE.app/Contents/Eclipse/plugins/com.st.stm32cube.ide.mcu.externaltools.gnu-tools-for-stm32.13.3.rel1.macos64_1.0.0.202411102158/tools/bin/../lib/gcc/arm-none-eabi/13.3.1/../../../../arm-none-eabi/lib/thumb/v7e-m+fp/hard/libnosys.a
END GROUP
LOAD /Applications/STM32CubeIDE.app/Contents/Eclipse/plugins/com.st.stm32cube.ide.mcu.externaltools.gnu-tools-for-stm32.13.3.rel1.macos64_1.0.0.202411102158/tools/bin/../lib/gcc/arm-none-eabi/13.3.1/thumb/v7e-m+fp/hard/crtend.o
LOAD /Applications/STM32CubeIDE.app/Contents/Eclipse/plugins/com.st.stm32cube.ide.mcu.externaltools.gnu-tools-for-stm32.13.3.rel1.macos64_1.0.0.202411102158/tools/bin/../lib/gcc/arm-none-eabi/13.3.1/thumb/v7e-m+fp/hard/crtn.o
                0x20018000                        _estack = (ORIGIN (RAM) + LENGTH (RAM))
                0x00000200                        _Min_Heap_Size = 0x200
                0x00000400                        _Min_Stack_Size = 0x400

.isr_vector     0x08000000      0x188
                0x08000000                        . = ALIGN (0x4)
 *(.isr_vector)
 .isr_vector    0x08000000      0x188 ./Core/Startup/startup_stm32l476rgtx.o
                0x08000000                g_pfnVectors
                0x08000188                        . = ALIGN (0x4)

.text           0x08000190     0x8eb0
                0x08000190                        . = ALIGN (0x4)
 *(.text)
 .text          0x08000190       0x40 /Applications/STM32CubeIDE.app/Contents/Eclipse/plugins/com.st.stm32cube.ide.mcu.externaltools.gnu-tools-for-stm32.13.3.rel1.macos64_1.0.0.202411102158/tools/bin/../lib/gcc/arm-none-eabi/13.3.1/thumb/v7e-m+fp/hard/crtbegin.o
 .text          0x080001d0       0x30 /Applications/STM32CubeIDE.app/Contents/Eclipse/plugins/com.st.stm32cube.ide.mcu.externaltools.gnu-tools-for-stm32.13.3.rel1.macos64_1.0.0.202411102158/tools/bin/../lib/gcc/arm-none-eabi/13.3.1/thumb/v7e-m+fp/hard/libgcc.a(_aeabi_uldivmod.o)
                0x080001d0                __aeabi_uldivmod
 .text          0x08000200      0x2f8 /Applications/STM32CubeIDE.app/Contents/Eclipse/plugins/com.st.stm32cube.ide.mcu.externaltools.gnu-tools-for-stm32.13.3.rel1.macos64_1.0.0.202411102158/tools/bin/../lib/gcc/arm-none-eabi/13.3.1/thumb/v7e-m+fp/hard/libgcc.a(_udivmoddi4.o)
                0x08000200                __udivmoddi4
 .text          0x080004f8        0x4 /Applications/STM32CubeIDE.app/Contents/Eclipse/plugins/com.st.stm32cube.ide.mcu.externaltools.gnu-tools-for-stm32.13.3.rel1.macos64_1.0.0.202411102158/tools/bin/../lib/gcc/arm-none-eabi/13.3.1/thumb/v7e-m+fp/hard/libgcc.a(_dvmd_tls.o)
                0x080004f8                __aeabi_ldiv0
                0x080004f8                __aeabi_idiv0
 *(.text*)
 .text.MX_FREERTOS_Init
                0x080004fc      0x17c ./Core/Src/freertos.o
                0x080004fc                MX_FREERTOS_Init
 .text.StartDefaultTask
                0x08000678       0x10 ./Core/Src/freertos.o
                0x08000678                StartDefaultTask
 .text.TLHandler
                0x08000688      0x60c ./Core/Src/freertos.o
                0x08000688                TLHandler
 .text.PLHandler
                0x08000c94       0xa8 ./Core/Src/freertos.o
                0x08000c94                PLHandler
 .text.InHandler
                0x08000d3c      0x178 ./Core/Src/freertos.o
                0x08000d3c                InHandler
 .text.blinkTask
                0x08000eb4       0xa4 ./Core/Src/freertos.o
                0x08000eb4                blinkTask
 .text.OLHandler
                0x08000f58      0x17c ./Core/Src/freertos.o
                0x08000f58                OLHandler
 .text.MX_GPIO_Init
                0x080010d4      0x190 ./Core/Src/gpio.o
                0x080010d4                MX_GPIO_Init
 .text.main     0x08001264       0x30 ./Core/Src/main.o
                0x08001264                main
 .text.SystemClock_Config
                0x08001294       0xa2 ./Core/Src/main.o
                0x08001294                SystemClock_Config
 *fill*         0x08001336        0x2 
 .text.HAL_TIM_PeriodElapsedCallback
                0x08001338       0x24 ./Core/Src/main.o
                0x08001338                HAL_TIM_PeriodElapsedCallback
 .text.Error_Handler
                0x0800135c        0xc ./Core/Src/main.o
                0x0800135c                Error_Handler
 .text.startBar
                0x08001368       0x78 ./Core/Src/oled_functions.o
                0x08001368                startBar
 .text.stopBar  0x080013e0       0x70 ./Core/Src/oled_functions.o
                0x080013e0                stopBar
 .text.drawTitles
                0x08001450       0xe0 ./Core/Src/oled_functions.o
                0x08001450                drawTitles
 .text.drawBarOutlines
                0x08001530       0x4e ./Core/Src/oled_functions.o
                0x08001530                drawBarOutlines
 .text.drawBars
                0x0800157e       0x66 ./Core/Src/oled_functions.o
                0x0800157e                drawBars
 .text.MX_SPI2_Init
                0x080015e4       0x7c ./Core/Src/spi.o
                0x080015e4                MX_SPI2_Init
 .text.MX_SPI3_Init
                0x08001660       0x7c ./Core/Src/spi.o
                0x08001660                MX_SPI3_Init
 .text.HAL_SPI_MspInit
                0x080016dc      0x160 ./Core/Src/spi.o
                0x080016dc                HAL_SPI_MspInit
 .text.ssd1306_Reset
                0x0800183c       0x3c ./Core/Src/ssd1306.o
                0x0800183c                ssd1306_Reset
 .text.ssd1306_WriteCommand
                0x08001878       0x4c ./Core/Src/ssd1306.o
                0x08001878                ssd1306_WriteCommand
 .text.ssd1306_WriteData
                0x080018c4       0x50 ./Core/Src/ssd1306.o
                0x080018c4                ssd1306_WriteData
 .text.ssd1306_Init
                0x08001914       0xd4 ./Core/Src/ssd1306.o
                0x08001914                ssd1306_Init
 .text.ssd1306_Fill
                0x080019e8       0x30 ./Core/Src/ssd1306.o
                0x080019e8                ssd1306_Fill
 .text.ssd1306_UpdateScreen
                0x08001a18       0x50 ./Core/Src/ssd1306.o
                0x08001a18                ssd1306_UpdateScreen
 .text.ssd1306_DrawPixel
                0x08001a68       0xa8 ./Core/Src/ssd1306.o
                0x08001a68                ssd1306_DrawPixel
 .text.ssd1306_WriteChar
                0x08001b10      0x124 ./Core/Src/ssd1306.o
                0x08001b10                ssd1306_WriteChar
 .text.ssd1306_WriteString
                0x08001c34       0x4c ./Core/Src/ssd1306.o
                0x08001c34                ssd1306_WriteString
 .text.ssd1306_SetCursor
                0x08001c80       0x30 ./Core/Src/ssd1306.o
                0x08001c80                ssd1306_SetCursor
 .text.ssd1306_Line
                0x08001cb0       0xd8 ./Core/Src/ssd1306.o
                0x08001cb0                ssd1306_Line
 .text.ssd1306_DrawRectangle
                0x08001d88       0x6e ./Core/Src/ssd1306.o
                0x08001d88                ssd1306_DrawRectangle
 .text.ssd1306_FillRectangle
                0x08001df6       0x9c ./Core/Src/ssd1306.o
                0x08001df6                ssd1306_FillRectangle
 .text.ssd1306_SetContrast
                0x08001e92       0x26 ./Core/Src/ssd1306.o
                0x08001e92                ssd1306_SetContrast
 .text.ssd1306_SetDisplayOn
                0x08001eb8       0x3c ./Core/Src/ssd1306.o
                0x08001eb8                ssd1306_SetDisplayOn
 .text.HAL_MspInit
                0x08001ef4       0x50 ./Core/Src/stm32l4xx_hal_msp.o
                0x08001ef4                HAL_MspInit
 .text.HAL_InitTick
                0x08001f44       0xdc ./Core/Src/stm32l4xx_hal_timebase_tim.o
                0x08001f44                HAL_InitTick
 .text.NMI_Handler
                0x08002020        0x8 ./Core/Src/stm32l4xx_it.o
                0x08002020                NMI_Handler
 .text.HardFault_Handler
                0x08002028        0x8 ./Core/Src/stm32l4xx_it.o
                0x08002028                HardFault_Handler
 .text.MemManage_Handler
                0x08002030        0x8 ./Core/Src/stm32l4xx_it.o
                0x08002030                MemManage_Handler
 .text.BusFault_Handler
                0x08002038        0x8 ./Core/Src/stm32l4xx_it.o
                0x08002038                BusFault_Handler
 .text.UsageFault_Handler
                0x08002040        0x8 ./Core/Src/stm32l4xx_it.o
                0x08002040                UsageFault_Handler
 .text.DebugMon_Handler
                0x08002048        0xe ./Core/Src/stm32l4xx_it.o
                0x08002048                DebugMon_Handler
 *fill*         0x08002056        0x2 
 .text.TIM1_UP_TIM16_IRQHandler
                0x08002058       0x14 ./Core/Src/stm32l4xx_it.o
                0x08002058                TIM1_UP_TIM16_IRQHandler
 .text.SystemInit
                0x0800206c       0x24 ./Core/Src/system_stm32l4xx.o
                0x0800206c                SystemInit
 .text.Send_Instruction
                0x08002090       0x70 ./Core/Src/traffic_functions.o
                0x08002090                Send_Instruction
 .text.update_instruction
                0x08002100       0x64 ./Core/Src/traffic_functions.o
                0x08002100                update_instruction
 .text.MX_USART2_UART_Init
                0x08002164       0x60 ./Core/Src/usart.o
                0x08002164                MX_USART2_UART_Init
 .text.HAL_UART_MspInit
                0x080021c4       0xb8 ./Core/Src/usart.o
                0x080021c4                HAL_UART_MspInit
 .text.Reset_Handler
                0x0800227c       0x50 ./Core/Startup/startup_stm32l476rgtx.o
                0x0800227c                Reset_Handler
 .text.Default_Handler
                0x080022cc        0x2 ./Core/Startup/startup_stm32l476rgtx.o
                0x080022cc                TIM1_BRK_TIM15_IRQHandler
                0x080022cc                EXTI2_IRQHandler
                0x080022cc                TIM8_TRG_COM_IRQHandler
                0x080022cc                TIM8_CC_IRQHandler
                0x080022cc                TIM1_CC_IRQHandler
                0x080022cc                TSC_IRQHandler
                0x080022cc                TAMP_STAMP_IRQHandler
                0x080022cc                EXTI3_IRQHandler
                0x080022cc                LPTIM2_IRQHandler
                0x080022cc                DFSDM1_FLT1_IRQHandler
                0x080022cc                I2C3_ER_IRQHandler
                0x080022cc                DFSDM1_FLT2_IRQHandler
                0x080022cc                EXTI0_IRQHandler
                0x080022cc                I2C2_EV_IRQHandler
                0x080022cc                CAN1_RX0_IRQHandler
                0x080022cc                FPU_IRQHandler
                0x080022cc                ADC1_2_IRQHandler
                0x080022cc                SPI1_IRQHandler
                0x080022cc                TIM6_DAC_IRQHandler
                0x080022cc                TIM8_UP_IRQHandler
                0x080022cc                DMA2_Channel2_IRQHandler
                0x080022cc                DMA1_Channel4_IRQHandler
                0x080022cc                SAI2_IRQHandler
                0x080022cc                DFSDM1_FLT3_IRQHandler
                0x080022cc                USART3_IRQHandler
                0x080022cc                DMA1_Channel7_IRQHandler
                0x080022cc                CAN1_RX1_IRQHandler
                0x080022cc                LCD_IRQHandler
                0x080022cc                UART5_IRQHandler
                0x080022cc                ADC3_IRQHandler
                0x080022cc                TIM4_IRQHandler
                0x080022cc                DMA2_Channel1_IRQHandler
                0x080022cc                QUADSPI_IRQHandler
                0x080022cc                I2C1_EV_IRQHandler
                0x080022cc                DMA1_Channel6_IRQHandler
                0x080022cc                UART4_IRQHandler
                0x080022cc                DMA2_Channel4_IRQHandler
                0x080022cc                TIM3_IRQHandler
                0x080022cc                RCC_IRQHandler
                0x080022cc                DMA1_Channel1_IRQHandler
                0x080022cc                Default_Handler
                0x080022cc                DMA2_Channel7_IRQHandler
                0x080022cc                EXTI15_10_IRQHandler
                0x080022cc                TIM7_IRQHandler
                0x080022cc                SDMMC1_IRQHandler
                0x080022cc                TIM5_IRQHandler
                0x080022cc                I2C3_EV_IRQHandler
                0x080022cc                EXTI9_5_IRQHandler
                0x080022cc                RTC_WKUP_IRQHandler
                0x080022cc                PVD_PVM_IRQHandler
                0x080022cc                SPI2_IRQHandler
                0x080022cc                CAN1_TX_IRQHandler
                0x080022cc                DMA2_Channel5_IRQHandler
                0x080022cc                DMA1_Channel5_IRQHandler
                0x080022cc                EXTI4_IRQHandler
                0x080022cc                RNG_IRQHandler
                0x080022cc                TIM1_TRG_COM_TIM17_IRQHandler
                0x080022cc                DMA1_Channel3_IRQHandler
                0x080022cc                COMP_IRQHandler
                0x080022cc                WWDG_IRQHandler
                0x080022cc                LPUART1_IRQHandler
                0x080022cc                DMA2_Channel6_IRQHandler
                0x080022cc                TIM2_IRQHandler
                0x080022cc                EXTI1_IRQHandler
                0x080022cc                USART2_IRQHandler
                0x080022cc                DFSDM1_FLT0_IRQHandler
                0x080022cc                I2C2_ER_IRQHandler
                0x080022cc                DMA1_Channel2_IRQHandler
                0x080022cc                TIM8_BRK_IRQHandler
                0x080022cc                CAN1_SCE_IRQHandler
                0x080022cc                FLASH_IRQHandler
                0x080022cc                USART1_IRQHandler
                0x080022cc                OTG_FS_IRQHandler
                0x080022cc                SPI3_IRQHandler
                0x080022cc                I2C1_ER_IRQHandler
                0x080022cc                FMC_IRQHandler
                0x080022cc                SWPMI1_IRQHandler
                0x080022cc                LPTIM1_IRQHandler
                0x080022cc                SAI1_IRQHandler
                0x080022cc                DMA2_Channel3_IRQHandler
                0x080022cc                RTC_Alarm_IRQHandler
 *fill*         0x080022ce        0x2 
 .text.HAL_Init
                0x080022d0       0x40 ./Drivers/STM32L4xx_HAL_Driver/Src/stm32l4xx_hal.o
                0x080022d0                HAL_Init
 .text.HAL_IncTick
                0x08002310       0x28 ./Drivers/STM32L4xx_HAL_Driver/Src/stm32l4xx_hal.o
                0x08002310                HAL_IncTick
 .text.HAL_GetTick
                0x08002338       0x18 ./Drivers/STM32L4xx_HAL_Driver/Src/stm32l4xx_hal.o
                0x08002338                HAL_GetTick
 .text.HAL_Delay
                0x08002350       0x48 ./Drivers/STM32L4xx_HAL_Driver/Src/stm32l4xx_hal.o
                0x08002350                HAL_Delay
 .text.__NVIC_SetPriorityGrouping
                0x08002398       0x48 ./Drivers/STM32L4xx_HAL_Driver/Src/stm32l4xx_hal_cortex.o
 .text.__NVIC_GetPriorityGrouping
                0x080023e0       0x1c ./Drivers/STM32L4xx_HAL_Driver/Src/stm32l4xx_hal_cortex.o
 .text.__NVIC_EnableIRQ
                0x080023fc       0x3c ./Drivers/STM32L4xx_HAL_Driver/Src/stm32l4xx_hal_cortex.o
 .text.__NVIC_SetPriority
                0x08002438       0x54 ./Drivers/STM32L4xx_HAL_Driver/Src/stm32l4xx_hal_cortex.o
 .text.NVIC_EncodePriority
                0x0800248c       0x66 ./Drivers/STM32L4xx_HAL_Driver/Src/stm32l4xx_hal_cortex.o
 .text.HAL_NVIC_SetPriorityGrouping
                0x080024f2       0x16 ./Drivers/STM32L4xx_HAL_Driver/Src/stm32l4xx_hal_cortex.o
                0x080024f2                HAL_NVIC_SetPriorityGrouping
 .text.HAL_NVIC_SetPriority
                0x08002508       0x38 ./Drivers/STM32L4xx_HAL_Driver/Src/stm32l4xx_hal_cortex.o
                0x08002508                HAL_NVIC_SetPriority
 .text.HAL_NVIC_EnableIRQ
                0x08002540       0x1c ./Drivers/STM32L4xx_HAL_Driver/Src/stm32l4xx_hal_cortex.o
                0x08002540                HAL_NVIC_EnableIRQ
 .text.HAL_GPIO_Init
                0x0800255c      0x354 ./Drivers/STM32L4xx_HAL_Driver/Src/stm32l4xx_hal_gpio.o
                0x0800255c                HAL_GPIO_Init
 .text.HAL_GPIO_ReadPin
                0x080028b0       0x30 ./Drivers/STM32L4xx_HAL_Driver/Src/stm32l4xx_hal_gpio.o
                0x080028b0                HAL_GPIO_ReadPin
 .text.HAL_GPIO_WritePin
                0x080028e0       0x30 ./Drivers/STM32L4xx_HAL_Driver/Src/stm32l4xx_hal_gpio.o
                0x080028e0                HAL_GPIO_WritePin
 .text.HAL_PWREx_GetVoltageRange
                0x08002910       0x1c ./Drivers/STM32L4xx_HAL_Driver/Src/stm32l4xx_hal_pwr_ex.o
                0x08002910                HAL_PWREx_GetVoltageRange
 .text.HAL_PWREx_ControlVoltageScaling
                0x0800292c       0xac ./Drivers/STM32L4xx_HAL_Driver/Src/stm32l4xx_hal_pwr_ex.o
                0x0800292c                HAL_PWREx_ControlVoltageScaling
 .text.HAL_RCC_OscConfig
                0x080029d8      0x7b8 ./Drivers/STM32L4xx_HAL_Driver/Src/stm32l4xx_hal_rcc.o
                0x080029d8                HAL_RCC_OscConfig
 .text.HAL_RCC_ClockConfig
                0x08003190      0x200 ./Drivers/STM32L4xx_HAL_Driver/Src/stm32l4xx_hal_rcc.o
                0x08003190                HAL_RCC_ClockConfig
 .text.HAL_RCC_GetSysClockFreq
                0x08003390      0x118 ./Drivers/STM32L4xx_HAL_Driver/Src/stm32l4xx_hal_rcc.o
                0x08003390                HAL_RCC_GetSysClockFreq
 .text.HAL_RCC_GetHCLKFreq
                0x080034a8       0x18 ./Drivers/STM32L4xx_HAL_Driver/Src/stm32l4xx_hal_rcc.o
                0x080034a8                HAL_RCC_GetHCLKFreq
 .text.HAL_RCC_GetPCLK1Freq
                0x080034c0       0x2c ./Drivers/STM32L4xx_HAL_Driver/Src/stm32l4xx_hal_rcc.o
                0x080034c0                HAL_RCC_GetPCLK1Freq
 .text.HAL_RCC_GetPCLK2Freq
                0x080034ec       0x2c ./Drivers/STM32L4xx_HAL_Driver/Src/stm32l4xx_hal_rcc.o
                0x080034ec                HAL_RCC_GetPCLK2Freq
 .text.HAL_RCC_GetClockConfig
                0x08003518       0x64 ./Drivers/STM32L4xx_HAL_Driver/Src/stm32l4xx_hal_rcc.o
                0x08003518                HAL_RCC_GetClockConfig
 .text.RCC_SetFlashLatencyFromMSIRange
                0x0800357c       0xc0 ./Drivers/STM32L4xx_HAL_Driver/Src/stm32l4xx_hal_rcc.o
 .text.HAL_RCCEx_PeriphCLKConfig
                0x0800363c      0x5d4 ./Drivers/STM32L4xx_HAL_Driver/Src/stm32l4xx_hal_rcc_ex.o
                0x0800363c                HAL_RCCEx_PeriphCLKConfig
 .text.RCCEx_PLLSAI1_Config
                0x08003c10      0x1e8 ./Drivers/STM32L4xx_HAL_Driver/Src/stm32l4xx_hal_rcc_ex.o
 .text.RCCEx_PLLSAI2_Config
                0x08003df8      0x1bc ./Drivers/STM32L4xx_HAL_Driver/Src/stm32l4xx_hal_rcc_ex.o
 .text.HAL_SPI_Init
                0x08003fb4      0x146 ./Drivers/STM32L4xx_HAL_Driver/Src/stm32l4xx_hal_spi.o
                0x08003fb4                HAL_SPI_Init
 .text.HAL_SPI_Transmit
                0x080040fa      0x2ec ./Drivers/STM32L4xx_HAL_Driver/Src/stm32l4xx_hal_spi.o
                0x080040fa                HAL_SPI_Transmit
 *fill*         0x080043e6        0x2 
 .text.SPI_WaitFlagStateUntilTimeout
                0x080043e8      0x110 ./Drivers/STM32L4xx_HAL_Driver/Src/stm32l4xx_hal_spi.o
 .text.SPI_WaitFifoStateUntilTimeout
                0x080044f8      0x12c ./Drivers/STM32L4xx_HAL_Driver/Src/stm32l4xx_hal_spi.o
 .text.SPI_EndRxTxTransaction
                0x08004624       0x8c ./Drivers/STM32L4xx_HAL_Driver/Src/stm32l4xx_hal_spi.o
 .text.HAL_TIM_Base_Init
                0x080046b0       0xae ./Drivers/STM32L4xx_HAL_Driver/Src/stm32l4xx_hal_tim.o
                0x080046b0                HAL_TIM_Base_Init
 .text.HAL_TIM_Base_MspInit
                0x0800475e       0x14 ./Drivers/STM32L4xx_HAL_Driver/Src/stm32l4xx_hal_tim.o
                0x0800475e                HAL_TIM_Base_MspInit
 *fill*         0x08004772        0x2 
 .text.HAL_TIM_Base_Start_IT
                0x08004774       0xe0 ./Drivers/STM32L4xx_HAL_Driver/Src/stm32l4xx_hal_tim.o
                0x08004774                HAL_TIM_Base_Start_IT
 .text.HAL_TIM_IRQHandler
                0x08004854      0x20e ./Drivers/STM32L4xx_HAL_Driver/Src/stm32l4xx_hal_tim.o
                0x08004854                HAL_TIM_IRQHandler
 .text.HAL_TIM_OC_DelayElapsedCallback
                0x08004a62       0x14 ./Drivers/STM32L4xx_HAL_Driver/Src/stm32l4xx_hal_tim.o
                0x08004a62                HAL_TIM_OC_DelayElapsedCallback
 .text.HAL_TIM_IC_CaptureCallback
                0x08004a76       0x14 ./Drivers/STM32L4xx_HAL_Driver/Src/stm32l4xx_hal_tim.o
                0x08004a76                HAL_TIM_IC_CaptureCallback
 .text.HAL_TIM_PWM_PulseFinishedCallback
                0x08004a8a       0x14 ./Drivers/STM32L4xx_HAL_Driver/Src/stm32l4xx_hal_tim.o
                0x08004a8a                HAL_TIM_PWM_PulseFinishedCallback
 .text.HAL_TIM_TriggerCallback
                0x08004a9e       0x14 ./Drivers/STM32L4xx_HAL_Driver/Src/stm32l4xx_hal_tim.o
                0x08004a9e                HAL_TIM_TriggerCallback
 *fill*         0x08004ab2        0x2 
 .text.TIM_Base_SetConfig
                0x08004ab4      0x14c ./Drivers/STM32L4xx_HAL_Driver/Src/stm32l4xx_hal_tim.o
                0x08004ab4                TIM_Base_SetConfig
 .text.HAL_TIMEx_CommutCallback
                0x08004c00       0x14 ./Drivers/STM32L4xx_HAL_Driver/Src/stm32l4xx_hal_tim_ex.o
                0x08004c00                HAL_TIMEx_CommutCallback
 .text.HAL_TIMEx_BreakCallback
                0x08004c14       0x14 ./Drivers/STM32L4xx_HAL_Driver/Src/stm32l4xx_hal_tim_ex.o
                0x08004c14                HAL_TIMEx_BreakCallback
 .text.HAL_TIMEx_Break2Callback
                0x08004c28       0x14 ./Drivers/STM32L4xx_HAL_Driver/Src/stm32l4xx_hal_tim_ex.o
                0x08004c28                HAL_TIMEx_Break2Callback
 .text.HAL_UART_Init
                0x08004c3c       0x9c ./Drivers/STM32L4xx_HAL_Driver/Src/stm32l4xx_hal_uart.o
                0x08004c3c                HAL_UART_Init
 .text.UART_SetConfig
                0x08004cd8      0x570 ./Drivers/STM32L4xx_HAL_Driver/Src/stm32l4xx_hal_uart.o
                0x08004cd8                UART_SetConfig
 .text.UART_AdvFeatureConfig
                0x08005248      0x144 ./Drivers/STM32L4xx_HAL_Driver/Src/stm32l4xx_hal_uart.o
                0x08005248                UART_AdvFeatureConfig
 .text.UART_CheckIdleState
                0x0800538c      0x150 ./Drivers/STM32L4xx_HAL_Driver/Src/stm32l4xx_hal_uart.o
                0x0800538c                UART_CheckIdleState
 .text.UART_WaitOnFlagUntilTimeout
                0x080054dc       0xda ./Drivers/STM32L4xx_HAL_Driver/Src/stm32l4xx_hal_uart.o
                0x080054dc                UART_WaitOnFlagUntilTimeout
 .text.UART_EndRxTransfer
                0x080055b6       0xc8 ./Drivers/STM32L4xx_HAL_Driver/Src/stm32l4xx_hal_uart.o
 *fill*         0x0800567e        0x2 
 .text.__NVIC_SetPriority
                0x08005680       0x54 ./Middlewares/Third_Party/FreeRTOS/Source/CMSIS_RTOS_V2/cmsis_os2.o
 .text.SysTick_Handler
                0x080056d4       0x20 ./Middlewares/Third_Party/FreeRTOS/Source/CMSIS_RTOS_V2/cmsis_os2.o
                0x080056d4                SysTick_Handler
 .text.SVC_Setup
                0x080056f4       0x12 ./Middlewares/Third_Party/FreeRTOS/Source/CMSIS_RTOS_V2/cmsis_os2.o
 *fill*         0x08005706        0x2 
 .text.osKernelInitialize
                0x08005708       0x48 ./Middlewares/Third_Party/FreeRTOS/Source/CMSIS_RTOS_V2/cmsis_os2.o
                0x08005708                osKernelInitialize
 .text.osKernelStart
                0x08005750       0x4c ./Middlewares/Third_Party/FreeRTOS/Source/CMSIS_RTOS_V2/cmsis_os2.o
                0x08005750                osKernelStart
 .text.osThreadNew
                0x0800579c      0x124 ./Middlewares/Third_Party/FreeRTOS/Source/CMSIS_RTOS_V2/cmsis_os2.o
                0x0800579c                osThreadNew
 .text.osDelay  0x080058c0       0x36 ./Middlewares/Third_Party/FreeRTOS/Source/CMSIS_RTOS_V2/cmsis_os2.o
                0x080058c0                osDelay
 *fill*         0x080058f6        0x2 
 .text.vApplicationGetIdleTaskMemory
                0x080058f8       0x34 ./Middlewares/Third_Party/FreeRTOS/Source/CMSIS_RTOS_V2/cmsis_os2.o
                0x080058f8                vApplicationGetIdleTaskMemory
 .text.vApplicationGetTimerTaskMemory
                0x0800592c       0x34 ./Middlewares/Third_Party/FreeRTOS/Source/CMSIS_RTOS_V2/cmsis_os2.o
                0x0800592c                vApplicationGetTimerTaskMemory
 .text.xEventGroupCreate
                0x08005960       0x34 ./Middlewares/Third_Party/FreeRTOS/Source/event_groups.o
                0x08005960                xEventGroupCreate
 .text.xEventGroupWaitBits
                0x08005994      0x1a4 ./Middlewares/Third_Party/FreeRTOS/Source/event_groups.o
                0x08005994                xEventGroupWaitBits
 .text.xEventGroupClearBits
                0x08005b38       0x72 ./Middlewares/Third_Party/FreeRTOS/Source/event_groups.o
                0x08005b38                xEventGroupClearBits
 .text.xEventGroupSetBits
                0x08005baa      0x118 ./Middlewares/Third_Party/FreeRTOS/Source/event_groups.o
                0x08005baa                xEventGroupSetBits
 .text.prvTestWaitCondition
                0x08005cc2       0x44 ./Middlewares/Third_Party/FreeRTOS/Source/event_groups.o
 .text.vListInitialise
                0x08005d06       0x40 ./Middlewares/Third_Party/FreeRTOS/Source/list.o
                0x08005d06                vListInitialise
 .text.vListInitialiseItem
                0x08005d46       0x1a ./Middlewares/Third_Party/FreeRTOS/Source/list.o
                0x08005d46                vListInitialiseItem
 .text.vListInsertEnd
                0x08005d60       0x48 ./Middlewares/Third_Party/FreeRTOS/Source/list.o
                0x08005d60                vListInsertEnd
 .text.vListInsert
                0x08005da8       0x72 ./Middlewares/Third_Party/FreeRTOS/Source/list.o
                0x08005da8                vListInsert
 .text.uxListRemove
                0x08005e1a       0x54 ./Middlewares/Third_Party/FreeRTOS/Source/list.o
                0x08005e1a                uxListRemove
 *fill*         0x08005e6e        0x2 
 .text.xQueueGenericReset
                0x08005e70       0xd4 ./Middlewares/Third_Party/FreeRTOS/Source/queue.o
                0x08005e70                xQueueGenericReset
 .text.xQueueGenericCreateStatic
                0x08005f44       0xfa ./Middlewares/Third_Party/FreeRTOS/Source/queue.o
                0x08005f44                xQueueGenericCreateStatic
 .text.xQueueGenericCreate
                0x0800603e       0x76 ./Middlewares/Third_Party/FreeRTOS/Source/queue.o
                0x0800603e                xQueueGenericCreate
 .text.prvInitialiseNewQueue
                0x080060b4       0x46 ./Middlewares/Third_Party/FreeRTOS/Source/queue.o
 .text.prvInitialiseMutex
                0x080060fa       0x34 ./Middlewares/Third_Party/FreeRTOS/Source/queue.o
 .text.xQueueCreateMutex
                0x0800612e       0x30 ./Middlewares/Third_Party/FreeRTOS/Source/queue.o
                0x0800612e                xQueueCreateMutex
 *fill*         0x0800615e        0x2 
 .text.xQueueGenericSend
                0x08006160      0x204 ./Middlewares/Third_Party/FreeRTOS/Source/queue.o
                0x08006160                xQueueGenericSend
 .text.xQueueGenericSendFromISR
                0x08006364      0x13c ./Middlewares/Third_Party/FreeRTOS/Source/queue.o
                0x08006364                xQueueGenericSendFromISR
 .text.xQueueReceive
                0x080064a0      0x1c4 ./Middlewares/Third_Party/FreeRTOS/Source/queue.o
                0x080064a0                xQueueReceive
 .text.xQueueSemaphoreTake
                0x08006664      0x220 ./Middlewares/Third_Party/FreeRTOS/Source/queue.o
                0x08006664                xQueueSemaphoreTake
 .text.prvGetDisinheritPriorityAfterTimeout
                0x08006884       0x30 ./Middlewares/Third_Party/FreeRTOS/Source/queue.o
 .text.prvCopyDataToQueue
                0x080068b4       0xd4 ./Middlewares/Third_Party/FreeRTOS/Source/queue.o
 .text.prvCopyDataFromQueue
                0x08006988       0x4c ./Middlewares/Third_Party/FreeRTOS/Source/queue.o
 .text.prvUnlockQueue
                0x080069d4       0xa4 ./Middlewares/Third_Party/FreeRTOS/Source/queue.o
 .text.prvIsQueueEmpty
                0x08006a78       0x2c ./Middlewares/Third_Party/FreeRTOS/Source/queue.o
 .text.prvIsQueueFull
                0x08006aa4       0x30 ./Middlewares/Third_Party/FreeRTOS/Source/queue.o
 .text.vQueueAddToRegistry
                0x08006ad4       0x54 ./Middlewares/Third_Party/FreeRTOS/Source/queue.o
                0x08006ad4                vQueueAddToRegistry
 .text.vQueueWaitForMessageRestricted
                0x08006b28       0x68 ./Middlewares/Third_Party/FreeRTOS/Source/queue.o
                0x08006b28                vQueueWaitForMessageRestricted
 .text.xTaskCreateStatic
                0x08006b90       0xc0 ./Middlewares/Third_Party/FreeRTOS/Source/tasks.o
                0x08006b90                xTaskCreateStatic
 .text.xTaskCreate
                0x08006c50       0x8a ./Middlewares/Third_Party/FreeRTOS/Source/tasks.o
                0x08006c50                xTaskCreate
 *fill*         0x08006cda        0x2 
 .text.prvInitialiseNewTask
                0x08006cdc      0x150 ./Middlewares/Third_Party/FreeRTOS/Source/tasks.o
 .text.prvAddNewTaskToReadyList
                0x08006e2c       0xe0 ./Middlewares/Third_Party/FreeRTOS/Source/tasks.o
 .text.vTaskDelay
                0x08006f0c       0x6c ./Middlewares/Third_Party/FreeRTOS/Source/tasks.o
                0x08006f0c                vTaskDelay
 .text.vTaskStartScheduler
                0x08006f78       0xe0 ./Middlewares/Third_Party/FreeRTOS/Source/tasks.o
                0x08006f78                vTaskStartScheduler
 .text.vTaskSuspendAll
                0x08007058       0x1c ./Middlewares/Third_Party/FreeRTOS/Source/tasks.o
                0x08007058                vTaskSuspendAll
 .text.xTaskResumeAll
                0x08007074      0x13c ./Middlewares/Third_Party/FreeRTOS/Source/tasks.o
                0x08007074                xTaskResumeAll
 .text.xTaskGetTickCount
                0x080071b0       0x20 ./Middlewares/Third_Party/FreeRTOS/Source/tasks.o
                0x080071b0                xTaskGetTickCount
 .text.xTaskIncrementTick
                0x080071d0      0x174 ./Middlewares/Third_Party/FreeRTOS/Source/tasks.o
                0x080071d0                xTaskIncrementTick
 .text.vTaskSwitchContext
                0x08007344       0xcc ./Middlewares/Third_Party/FreeRTOS/Source/tasks.o
                0x08007344                vTaskSwitchContext
 .text.vTaskPlaceOnEventList
                0x08007410       0x4c ./Middlewares/Third_Party/FreeRTOS/Source/tasks.o
                0x08007410                vTaskPlaceOnEventList
 .text.vTaskPlaceOnUnorderedEventList
                0x0800745c       0x7c ./Middlewares/Third_Party/FreeRTOS/Source/tasks.o
                0x0800745c                vTaskPlaceOnUnorderedEventList
 .text.vTaskPlaceOnEventListRestricted
                0x080074d8       0x58 ./Middlewares/Third_Party/FreeRTOS/Source/tasks.o
                0x080074d8                vTaskPlaceOnEventListRestricted
 .text.xTaskRemoveFromEventList
                0x08007530       0xc8 ./Middlewares/Third_Party/FreeRTOS/Source/tasks.o
                0x08007530                xTaskRemoveFromEventList
 .text.vTaskRemoveFromUnorderedEventList
                0x080075f8       0xc8 ./Middlewares/Third_Party/FreeRTOS/Source/tasks.o
                0x080075f8                vTaskRemoveFromUnorderedEventList
 .text.vTaskInternalSetTimeOutState
                0x080076c0       0x2c ./Middlewares/Third_Party/FreeRTOS/Source/tasks.o
                0x080076c0                vTaskInternalSetTimeOutState
 .text.xTaskCheckForTimeOut
                0x080076ec       0xc8 ./Middlewares/Third_Party/FreeRTOS/Source/tasks.o
                0x080076ec                xTaskCheckForTimeOut
 .text.vTaskMissedYield
                0x080077b4       0x18 ./Middlewares/Third_Party/FreeRTOS/Source/tasks.o
                0x080077b4                vTaskMissedYield
 .text.prvIdleTask
                0x080077cc       0x30 ./Middlewares/Third_Party/FreeRTOS/Source/tasks.o
 .text.prvInitialiseTaskLists
                0x080077fc       0x80 ./Middlewares/Third_Party/FreeRTOS/Source/tasks.o
 .text.prvCheckTasksWaitingTermination
                0x0800787c       0x5c ./Middlewares/Third_Party/FreeRTOS/Source/tasks.o
 .text.prvDeleteTCB
                0x080078d8       0x6a ./Middlewares/Third_Party/FreeRTOS/Source/tasks.o
 *fill*         0x08007942        0x2 
 .text.prvResetNextTaskUnblockTime
                0x08007944       0x40 ./Middlewares/Third_Party/FreeRTOS/Source/tasks.o
 .text.xTaskGetSchedulerState
                0x08007984       0x3c ./Middlewares/Third_Party/FreeRTOS/Source/tasks.o
                0x08007984                xTaskGetSchedulerState
 .text.xTaskPriorityInherit
                0x080079c0       0xd0 ./Middlewares/Third_Party/FreeRTOS/Source/tasks.o
                0x080079c0                xTaskPriorityInherit
 .text.xTaskPriorityDisinherit
                0x08007a90       0xe0 ./Middlewares/Third_Party/FreeRTOS/Source/tasks.o
                0x08007a90                xTaskPriorityDisinherit
 .text.vTaskPriorityDisinheritAfterTimeout
                0x08007b70      0x108 ./Middlewares/Third_Party/FreeRTOS/Source/tasks.o
                0x08007b70                vTaskPriorityDisinheritAfterTimeout
 .text.uxTaskResetEventItemValue
                0x08007c78       0x30 ./Middlewares/Third_Party/FreeRTOS/Source/tasks.o
                0x08007c78                uxTaskResetEventItemValue
 .text.pvTaskIncrementMutexHeldCount
                0x08007ca8       0x28 ./Middlewares/Third_Party/FreeRTOS/Source/tasks.o
                0x08007ca8                pvTaskIncrementMutexHeldCount
 .text.prvAddCurrentTaskToDelayedList
                0x08007cd0       0xa8 ./Middlewares/Third_Party/FreeRTOS/Source/tasks.o
 .text.xTimerCreateTimerTask
                0x08007d78       0x94 ./Middlewares/Third_Party/FreeRTOS/Source/timers.o
                0x08007d78                xTimerCreateTimerTask
 .text.xTimerGenericCommand
                0x08007e0c       0x9c ./Middlewares/Third_Party/FreeRTOS/Source/timers.o
                0x08007e0c                xTimerGenericCommand
 .text.prvProcessExpiredTimer
                0x08007ea8       0x9c ./Middlewares/Third_Party/FreeRTOS/Source/timers.o
 .text.prvTimerTask
                0x08007f44       0x26 ./Middlewares/Third_Party/FreeRTOS/Source/timers.o
 *fill*         0x08007f6a        0x2 
 .text.prvProcessTimerOrBlockTask
                0x08007f6c       0x9c ./Middlewares/Third_Party/FreeRTOS/Source/timers.o
 .text.prvGetNextExpireTime
                0x08008008       0x48 ./Middlewares/Third_Party/FreeRTOS/Source/timers.o
 .text.prvSampleTimeNow
                0x08008050       0x40 ./Middlewares/Third_Party/FreeRTOS/Source/timers.o
 .text.prvInsertTimerInActiveList
                0x08008090       0x84 ./Middlewares/Third_Party/FreeRTOS/Source/timers.o
 .text.prvProcessReceivedCommands
                0x08008114      0x1cc ./Middlewares/Third_Party/FreeRTOS/Source/timers.o
 .text.prvSwitchTimerLists
                0x080082e0       0xcc ./Middlewares/Third_Party/FreeRTOS/Source/timers.o
 .text.prvCheckForValidListAndQueue
                0x080083ac       0x80 ./Middlewares/Third_Party/FreeRTOS/Source/timers.o
 .text.pxPortInitialiseStack
                0x0800842c       0x68 ./Middlewares/Third_Party/FreeRTOS/Source/portable/GCC/ARM_CM4F/port.o
                0x0800842c                pxPortInitialiseStack
 .text.prvTaskExitError
                0x08008494       0x5c ./Middlewares/Third_Party/FreeRTOS/Source/portable/GCC/ARM_CM4F/port.o
 .text.SVC_Handler
                0x080084f0       0x28 ./Middlewares/Third_Party/FreeRTOS/Source/portable/GCC/ARM_CM4F/port.o
                0x080084f0                SVC_Handler
 .text.prvPortStartFirstTask
                0x08008518       0x28 ./Middlewares/Third_Party/FreeRTOS/Source/portable/GCC/ARM_CM4F/port.o
 .text.xPortStartScheduler
                0x08008540      0x148 ./Middlewares/Third_Party/FreeRTOS/Source/portable/GCC/ARM_CM4F/port.o
                0x08008540                xPortStartScheduler
 .text.vPortEnterCritical
                0x08008688       0x64 ./Middlewares/Third_Party/FreeRTOS/Source/portable/GCC/ARM_CM4F/port.o
                0x08008688                vPortEnterCritical
 .text.vPortExitCritical
                0x080086ec       0x54 ./Middlewares/Third_Party/FreeRTOS/Source/portable/GCC/ARM_CM4F/port.o
                0x080086ec                vPortExitCritical
 .text.PendSV_Handler
                0x08008740       0x68 ./Middlewares/Third_Party/FreeRTOS/Source/portable/GCC/ARM_CM4F/port.o
                0x08008740                PendSV_Handler
 .text.xPortSysTickHandler
                0x080087a8       0x44 ./Middlewares/Third_Party/FreeRTOS/Source/portable/GCC/ARM_CM4F/port.o
                0x080087a8                xPortSysTickHandler
 .text.vPortSetupTimerInterrupt
                0x080087ec       0x48 ./Middlewares/Third_Party/FreeRTOS/Source/portable/GCC/ARM_CM4F/port.o
                0x080087ec                vPortSetupTimerInterrupt
 .text.vPortEnableVFP
                0x08008834       0x14 ./Middlewares/Third_Party/FreeRTOS/Source/portable/GCC/ARM_CM4F/port.o
 .text.vPortValidateInterruptPriority
                0x08008848       0x84 ./Middlewares/Third_Party/FreeRTOS/Source/portable/GCC/ARM_CM4F/port.o
                0x08008848                vPortValidateInterruptPriority
 .text.pvPortMalloc
                0x080088cc      0x19c ./Middlewares/Third_Party/FreeRTOS/Source/portable/MemMang/heap_4.o
                0x080088cc                pvPortMalloc
 .text.vPortFree
                0x08008a68       0xc8 ./Middlewares/Third_Party/FreeRTOS/Source/portable/MemMang/heap_4.o
                0x08008a68                vPortFree
 .text.prvHeapInit
                0x08008b30       0xc4 ./Middlewares/Third_Party/FreeRTOS/Source/portable/MemMang/heap_4.o
 .text.prvInsertBlockIntoFreeList
                0x08008bf4       0xb4 ./Middlewares/Third_Party/FreeRTOS/Source/portable/MemMang/heap_4.o
 .text.malloc   0x08008ca8       0x10 /Applications/STM32CubeIDE.app/Contents/Eclipse/plugins/com.st.stm32cube.ide.mcu.externaltools.gnu-tools-for-stm32.13.3.rel1.macos64_1.0.0.202411102158/tools/bin/../lib/gcc/arm-none-eabi/13.3.1/../../../../arm-none-eabi/lib/thumb/v7e-m+fp/hard/libc_nano.a(libc_a-malloc.o)
                0x08008ca8                malloc
 .text.free     0x08008cb8       0x10 /Applications/STM32CubeIDE.app/Contents/Eclipse/plugins/com.st.stm32cube.ide.mcu.externaltools.gnu-tools-for-stm32.13.3.rel1.macos64_1.0.0.202411102158/tools/bin/../lib/gcc/arm-none-eabi/13.3.1/../../../../arm-none-eabi/lib/thumb/v7e-m+fp/hard/libc_nano.a(libc_a-malloc.o)
                0x08008cb8                free
 .text.sbrk_aligned
                0x08008cc8       0x44 /Applications/STM32CubeIDE.app/Contents/Eclipse/plugins/com.st.stm32cube.ide.mcu.externaltools.gnu-tools-for-stm32.13.3.rel1.macos64_1.0.0.202411102158/tools/bin/../lib/gcc/arm-none-eabi/13.3.1/../../../../arm-none-eabi/lib/thumb/v7e-m+fp/hard/libc_nano.a(libc_a-mallocr.o)
 .text._malloc_r
                0x08008d0c      0x100 /Applications/STM32CubeIDE.app/Contents/Eclipse/plugins/com.st.stm32cube.ide.mcu.externaltools.gnu-tools-for-stm32.13.3.rel1.macos64_1.0.0.202411102158/tools/bin/../lib/gcc/arm-none-eabi/13.3.1/../../../../arm-none-eabi/lib/thumb/v7e-m+fp/hard/libc_nano.a(libc_a-mallocr.o)
                0x08008d0c                _malloc_r
 .text.__malloc_lock
                0x08008e0c        0xc /Applications/STM32CubeIDE.app/Contents/Eclipse/plugins/com.st.stm32cube.ide.mcu.externaltools.gnu-tools-for-stm32.13.3.rel1.macos64_1.0.0.202411102158/tools/bin/../lib/gcc/arm-none-eabi/13.3.1/../../../../arm-none-eabi/lib/thumb/v7e-m+fp/hard/libc_nano.a(libc_a-mlock.o)
                0x08008e0c                __malloc_lock
 .text.__malloc_unlock
                0x08008e18        0xc /Applications/STM32CubeIDE.app/Contents/Eclipse/plugins/com.st.stm32cube.ide.mcu.externaltools.gnu-tools-for-stm32.13.3.rel1.macos64_1.0.0.202411102158/tools/bin/../lib/gcc/arm-none-eabi/13.3.1/../../../../arm-none-eabi/lib/thumb/v7e-m+fp/hard/libc_nano.a(libc_a-mlock.o)
                0x08008e18                __malloc_unlock
 .text.memset   0x08008e24       0x10 /Applications/STM32CubeIDE.app/Contents/Eclipse/plugins/com.st.stm32cube.ide.mcu.externaltools.gnu-tools-for-stm32.13.3.rel1.macos64_1.0.0.202411102158/tools/bin/../lib/gcc/arm-none-eabi/13.3.1/../../../../arm-none-eabi/lib/thumb/v7e-m+fp/hard/libc_nano.a(libc_a-memset.o)
                0x08008e24                memset
 .text._sbrk_r  0x08008e34       0x20 /Applications/STM32CubeIDE.app/Contents/Eclipse/plugins/com.st.stm32cube.ide.mcu.externaltools.gnu-tools-for-stm32.13.3.rel1.macos64_1.0.0.202411102158/tools/bin/../lib/gcc/arm-none-eabi/13.3.1/../../../../arm-none-eabi/lib/thumb/v7e-m+fp/hard/libc_nano.a(libc_a-sbrkr.o)
                0x08008e34                _sbrk_r
 .text.__libc_init_array
                0x08008e54       0x48 /Applications/STM32CubeIDE.app/Contents/Eclipse/plugins/com.st.stm32cube.ide.mcu.externaltools.gnu-tools-for-stm32.13.3.rel1.macos64_1.0.0.202411102158/tools/bin/../lib/gcc/arm-none-eabi/13.3.1/../../../../arm-none-eabi/lib/thumb/v7e-m+fp/hard/libc_nano.a(libc_a-init.o)
                0x08008e54                __libc_init_array
 .text.__retarget_lock_acquire_recursive
                0x08008e9c        0x2 /Applications/STM32CubeIDE.app/Contents/Eclipse/plugins/com.st.stm32cube.ide.mcu.externaltools.gnu-tools-for-stm32.13.3.rel1.macos64_1.0.0.202411102158/tools/bin/../lib/gcc/arm-none-eabi/13.3.1/../../../../arm-none-eabi/lib/thumb/v7e-m+fp/hard/libc_nano.a(libc_a-lock.o)
                0x08008e9c                __retarget_lock_acquire_recursive
 .text.__retarget_lock_release_recursive
                0x08008e9e        0x2 /Applications/STM32CubeIDE.app/Contents/Eclipse/plugins/com.st.stm32cube.ide.mcu.externaltools.gnu-tools-for-stm32.13.3.rel1.macos64_1.0.0.202411102158/tools/bin/../lib/gcc/arm-none-eabi/13.3.1/../../../../arm-none-eabi/lib/thumb/v7e-m+fp/hard/libc_nano.a(libc_a-lock.o)
                0x08008e9e                __retarget_lock_release_recursive
 .text._reclaim_reent
                0x08008ea0       0xbc /Applications/STM32CubeIDE.app/Contents/Eclipse/plugins/com.st.stm32cube.ide.mcu.externaltools.gnu-tools-for-stm32.13.3.rel1.macos64_1.0.0.202411102158/tools/bin/../lib/gcc/arm-none-eabi/13.3.1/../../../../arm-none-eabi/lib/thumb/v7e-m+fp/hard/libc_nano.a(libc_a-reent.o)
                0x08008ea0                _reclaim_reent
 .text.memcpy   0x08008f5c       0x1c /Applications/STM32CubeIDE.app/Contents/Eclipse/plugins/com.st.stm32cube.ide.mcu.externaltools.gnu-tools-for-stm32.13.3.rel1.macos64_1.0.0.202411102158/tools/bin/../lib/gcc/arm-none-eabi/13.3.1/../../../../arm-none-eabi/lib/thumb/v7e-m+fp/hard/libc_nano.a(libc_a-memcpy-stub.o)
                0x08008f5c                memcpy
 .text._free_r  0x08008f78       0x94 /Applications/STM32CubeIDE.app/Contents/Eclipse/plugins/com.st.stm32cube.ide.mcu.externaltools.gnu-tools-for-stm32.13.3.rel1.macos64_1.0.0.202411102158/tools/bin/../lib/gcc/arm-none-eabi/13.3.1/../../../../arm-none-eabi/lib/thumb/v7e-m+fp/hard/libc_nano.a(libc_a-freer.o)
                0x08008f78                _free_r
 .text._sbrk    0x0800900c       0x1c /Applications/STM32CubeIDE.app/Contents/Eclipse/plugins/com.st.stm32cube.ide.mcu.externaltools.gnu-tools-for-stm32.13.3.rel1.macos64_1.0.0.202411102158/tools/bin/../lib/gcc/arm-none-eabi/13.3.1/../../../../arm-none-eabi/lib/thumb/v7e-m+fp/hard/libnosys.a(sbrk.o)
                0x0800900c                _sbrk
 *(.glue_7)
 .glue_7        0x08009028        0x0 linker stubs
 *(.glue_7t)
 .glue_7t       0x08009028        0x0 linker stubs
 *(.eh_frame)
 .eh_frame      0x08009028        0x0 /Applications/STM32CubeIDE.app/Contents/Eclipse/plugins/com.st.stm32cube.ide.mcu.externaltools.gnu-tools-for-stm32.13.3.rel1.macos64_1.0.0.202411102158/tools/bin/../lib/gcc/arm-none-eabi/13.3.1/thumb/v7e-m+fp/hard/crtbegin.o
 *(.init)
 .init          0x08009028        0x4 /Applications/STM32CubeIDE.app/Contents/Eclipse/plugins/com.st.stm32cube.ide.mcu.externaltools.gnu-tools-for-stm32.13.3.rel1.macos64_1.0.0.202411102158/tools/bin/../lib/gcc/arm-none-eabi/13.3.1/thumb/v7e-m+fp/hard/crti.o
                0x08009028                _init
 .init          0x0800902c        0x8 /Applications/STM32CubeIDE.app/Contents/Eclipse/plugins/com.st.stm32cube.ide.mcu.externaltools.gnu-tools-for-stm32.13.3.rel1.macos64_1.0.0.202411102158/tools/bin/../lib/gcc/arm-none-eabi/13.3.1/thumb/v7e-m+fp/hard/crtn.o
 *(.fini)
 .fini          0x08009034        0x4 /Applications/STM32CubeIDE.app/Contents/Eclipse/plugins/com.st.stm32cube.ide.mcu.externaltools.gnu-tools-for-stm32.13.3.rel1.macos64_1.0.0.202411102158/tools/bin/../lib/gcc/arm-none-eabi/13.3.1/thumb/v7e-m+fp/hard/crti.o
                0x08009034                _fini
 .fini          0x08009038        0x8 /Applications/STM32CubeIDE.app/Contents/Eclipse/plugins/com.st.stm32cube.ide.mcu.externaltools.gnu-tools-for-stm32.13.3.rel1.macos64_1.0.0.202411102158/tools/bin/../lib/gcc/arm-none-eabi/13.3.1/thumb/v7e-m+fp/hard/crtn.o
                0x08009040                        . = ALIGN (0x4)
                0x08009040                        _etext = .

.vfp11_veneer   0x08009040        0x0
 .vfp11_veneer  0x08009040        0x0 linker stubs

.v4_bx          0x08009040        0x0
 .v4_bx         0x08009040        0x0 linker stubs

.iplt           0x08009040        0x0
 .iplt          0x08009040        0x0 /Applications/STM32CubeIDE.app/Contents/Eclipse/plugins/com.st.stm32cube.ide.mcu.externaltools.gnu-tools-for-stm32.13.3.rel1.macos64_1.0.0.202411102158/tools/bin/../lib/gcc/arm-none-eabi/13.3.1/thumb/v7e-m+fp/hard/crtbegin.o

.rodata         0x08009040      0x7b0
                0x08009040                        . = ALIGN (0x4)
 *(.rodata)
 .rodata        0x08009040       0x5a ./Core/Src/freertos.o
 *fill*         0x0800909a        0x2 
 .rodata        0x0800909c       0x1f ./Core/Src/oled_functions.o
 *fill*         0x080090bb        0x1 
 .rodata        0x080090bc        0x5 ./Middlewares/Third_Party/FreeRTOS/Source/tasks.o
 *fill*         0x080090c1        0x3 
 .rodata        0x080090c4        0xd ./Middlewares/Third_Party/FreeRTOS/Source/timers.o
 *(.rodata*)
 *fill*         0x080090d1        0x3 
 .rodata.defaultTask_attributes
                0x080090d4       0x24 ./Core/Src/freertos.o
                0x080090d4                defaultTask_attributes
 .rodata.TLHandlerTask_attributes
                0x080090f8       0x24 ./Core/Src/freertos.o
                0x080090f8                TLHandlerTask_attributes
 .rodata.PLHandlerTask_attributes
                0x0800911c       0x24 ./Core/Src/freertos.o
                0x0800911c                PLHandlerTask_attributes
 .rodata.InHandlerTask_attributes
                0x08009140       0x24 ./Core/Src/freertos.o
                0x08009140                InHandlerTask_attributes
 .rodata.blinkTaskHandle_attributes
                0x08009164       0x24 ./Core/Src/freertos.o
                0x08009164                blinkTaskHandle_attributes
 .rodata.OLHandlerTask_attributes
                0x08009188       0x24 ./Core/Src/freertos.o
                0x08009188                OLHandlerTask_attributes
 .rodata.Font6x8
                0x080091ac      0x5f0 ./Core/Src/ssd1306_fonts.o
 .rodata.Font_6x8
                0x0800979c        0xc ./Core/Src/ssd1306_fonts.o
                0x0800979c                Font_6x8
 .rodata.AHBPrescTable
                0x080097a8       0x10 ./Core/Src/system_stm32l4xx.o
                0x080097a8                AHBPrescTable
 .rodata.APBPrescTable
                0x080097b8        0x8 ./Core/Src/system_stm32l4xx.o
                0x080097b8                APBPrescTable
 .rodata.MSIRangeTable
                0x080097c0       0x30 ./Core/Src/system_stm32l4xx.o
                0x080097c0                MSIRangeTable
                0x080097f0                        . = ALIGN (0x4)

.ARM.extab      0x080097f0        0x0
                0x080097f0                        . = ALIGN (0x4)
 *(.ARM.extab* .gnu.linkonce.armextab.*)
                0x080097f0                        . = ALIGN (0x4)

.ARM            0x080097f0        0x8
                0x080097f0                        . = ALIGN (0x4)
                0x080097f0                        __exidx_start = .
 *(.ARM.exidx*)
 .ARM.exidx     0x080097f0        0x8 /Applications/STM32CubeIDE.app/Contents/Eclipse/plugins/com.st.stm32cube.ide.mcu.externaltools.gnu-tools-for-stm32.13.3.rel1.macos64_1.0.0.202411102158/tools/bin/../lib/gcc/arm-none-eabi/13.3.1/thumb/v7e-m+fp/hard/libgcc.a(_udivmoddi4.o)
                0x080097f8                        __exidx_end = .
                0x080097f8                        . = ALIGN (0x4)

.preinit_array  0x080097f8        0x0
                0x080097f8                        . = ALIGN (0x4)
                0x080097f8                        PROVIDE (__preinit_array_start = .)
 *(.preinit_array*)
                0x080097f8                        PROVIDE (__preinit_array_end = .)
                0x080097f8                        . = ALIGN (0x4)

.init_array     0x080097f8        0x4
                0x080097f8                        . = ALIGN (0x4)
                0x080097f8                        PROVIDE (__init_array_start = .)
 *(SORT_BY_NAME(.init_array.*))
 *(.init_array*)
 .init_array    0x080097f8        0x4 /Applications/STM32CubeIDE.app/Contents/Eclipse/plugins/com.st.stm32cube.ide.mcu.externaltools.gnu-tools-for-stm32.13.3.rel1.macos64_1.0.0.202411102158/tools/bin/../lib/gcc/arm-none-eabi/13.3.1/thumb/v7e-m+fp/hard/crtbegin.o
                0x080097fc                        PROVIDE (__init_array_end = .)
                0x080097fc                        . = ALIGN (0x4)

.fini_array     0x080097fc        0x4
                0x080097fc                        . = ALIGN (0x4)
                [!provide]                        PROVIDE (__fini_array_start = .)
 *(SORT_BY_NAME(.fini_array.*))
 *(.fini_array*)
 .fini_array    0x080097fc        0x4 /Applications/STM32CubeIDE.app/Contents/Eclipse/plugins/com.st.stm32cube.ide.mcu.externaltools.gnu-tools-for-stm32.13.3.rel1.macos64_1.0.0.202411102158/tools/bin/../lib/gcc/arm-none-eabi/13.3.1/thumb/v7e-m+fp/hard/crtbegin.o
                [!provide]                        PROVIDE (__fini_array_end = .)
                0x08009800                        . = ALIGN (0x4)
                0x08009800                        _sidata = LOADADDR (.data)

.rel.dyn        0x08009800        0x0
 .rel.iplt      0x08009800        0x0 /Applications/STM32CubeIDE.app/Contents/Eclipse/plugins/com.st.stm32cube.ide.mcu.externaltools.gnu-tools-for-stm32.13.3.rel1.macos64_1.0.0.202411102158/tools/bin/../lib/gcc/arm-none-eabi/13.3.1/thumb/v7e-m+fp/hard/crtbegin.o

.data           0x20000000       0x60 load address 0x08009800
                0x20000000                        . = ALIGN (0x4)
                0x20000000                        _sdata = .
 *(.data)
 *(.data*)
 .data.SystemCoreClock
                0x20000000        0x4 ./Core/Src/system_stm32l4xx.o
                0x20000000                SystemCoreClock
 .data.uwTickPrio
                0x20000004        0x4 ./Drivers/STM32L4xx_HAL_Driver/Src/stm32l4xx_hal.o
                0x20000004                uwTickPrio
 .data.uwTickFreq
                0x20000008        0x1 ./Drivers/STM32L4xx_HAL_Driver/Src/stm32l4xx_hal.o
                0x20000008                uwTickFreq
 *fill*         0x20000009        0x3 
 .data.uxCriticalNesting
                0x2000000c        0x4 ./Middlewares/Third_Party/FreeRTOS/Source/portable/GCC/ARM_CM4F/port.o
 .data._impure_ptr
                0x20000010        0x4 /Applications/STM32CubeIDE.app/Contents/Eclipse/plugins/com.st.stm32cube.ide.mcu.externaltools.gnu-tools-for-stm32.13.3.rel1.macos64_1.0.0.202411102158/tools/bin/../lib/gcc/arm-none-eabi/13.3.1/../../../../arm-none-eabi/lib/thumb/v7e-m+fp/hard/libc_nano.a(libc_a-impure.o)
                0x20000010                _impure_ptr
 .data._impure_data
                0x20000014       0x4c /Applications/STM32CubeIDE.app/Contents/Eclipse/plugins/com.st.stm32cube.ide.mcu.externaltools.gnu-tools-for-stm32.13.3.rel1.macos64_1.0.0.202411102158/tools/bin/../lib/gcc/arm-none-eabi/13.3.1/../../../../arm-none-eabi/lib/thumb/v7e-m+fp/hard/libc_nano.a(libc_a-impure.o)
                0x20000014                _impure_data
 *(.RamFunc)
 *(.RamFunc*)
                0x20000060                        . = ALIGN (0x4)
                0x20000060                        _edata = .

.igot.plt       0x20000060        0x0 load address 0x08009860
 .igot.plt      0x20000060        0x0 /Applications/STM32CubeIDE.app/Contents/Eclipse/plugins/com.st.stm32cube.ide.mcu.externaltools.gnu-tools-for-stm32.13.3.rel1.macos64_1.0.0.202411102158/tools/bin/../lib/gcc/arm-none-eabi/13.3.1/thumb/v7e-m+fp/hard/crtbegin.o
                0x20000060                        . = ALIGN (0x4)

.bss            0x20000060     0x2cfc load address 0x08009860
                0x20000060                        _sbss = .
                0x20000060                        __bss_start__ = _sbss
 *(.bss)
 .bss           0x20000060       0x1c /Applications/STM32CubeIDE.app/Contents/Eclipse/plugins/com.st.stm32cube.ide.mcu.externaltools.gnu-tools-for-stm32.13.3.rel1.macos64_1.0.0.202411102158/tools/bin/../lib/gcc/arm-none-eabi/13.3.1/thumb/v7e-m+fp/hard/crtbegin.o
 *(.bss*)
 .bss.eventGroup
                0x2000007c        0x4 ./Core/Src/freertos.o
                0x2000007c                eventGroup
 .bss.oledEventGroup
                0x20000080        0x4 ./Core/Src/freertos.o
                0x20000080                oledEventGroup
 .bss.current_instruction
                0x20000084        0x4 ./Core/Src/freertos.o
                0x20000084                current_instruction
 .bss.doBlink1  0x20000088        0x1 ./Core/Src/freertos.o
                0x20000088                doBlink1
 .bss.doBlink2  0x20000089        0x1 ./Core/Src/freertos.o
                0x20000089                doBlink2
 .bss.blinkState
                0x2000008a        0x1 ./Core/Src/freertos.o
                0x2000008a                blinkState
 *fill*         0x2000008b        0x1 
 .bss.lightMutex
                0x2000008c        0x4 ./Core/Src/freertos.o
                0x2000008c                lightMutex
 .bss.oledMutex
                0x20000090        0x4 ./Core/Src/freertos.o
                0x20000090                oledMutex
 .bss.oledBars  0x20000094       0x60 ./Core/Src/freertos.o
                0x20000094                oledBars
 .bss.defaultTaskHandle
                0x200000f4        0x4 ./Core/Src/freertos.o
                0x200000f4                defaultTaskHandle
 .bss.TLHandlerTaskHandle
                0x200000f8        0x4 ./Core/Src/freertos.o
                0x200000f8                TLHandlerTaskHandle
 .bss.PLHandlerTaskHandle
                0x200000fc        0x4 ./Core/Src/freertos.o
                0x200000fc                PLHandlerTaskHandle
 .bss.InHandlerTaskHandle
                0x20000100        0x4 ./Core/Src/freertos.o
                0x20000100                InHandlerTaskHandle
 .bss.blinkTaskHandleHandle
                0x20000104        0x4 ./Core/Src/freertos.o
                0x20000104                blinkTaskHandleHandle
 .bss.OLHandlerTaskHandle
                0x20000108        0x4 ./Core/Src/freertos.o
                0x20000108                OLHandlerTaskHandle
 .bss.State.1   0x2000010c        0x1 ./Core/Src/freertos.o
 .bss.NextState.0
                0x2000010d        0x1 ./Core/Src/freertos.o
 *fill*         0x2000010e        0x2 
 .bss.hspi2     0x20000110       0x64 ./Core/Src/spi.o
                0x20000110                hspi2
 .bss.hspi3     0x20000174       0x64 ./Core/Src/spi.o
                0x20000174                hspi3
 .bss.SSD1306_Buffer
                0x200001d8      0x400 ./Core/Src/ssd1306.o
 .bss.SSD1306   0x200005d8        0x6 ./Core/Src/ssd1306.o
 *fill*         0x200005de        0x2 
 .bss.htim1     0x200005e0       0x4c ./Core/Src/stm32l4xx_hal_timebase_tim.o
                0x200005e0                htim1
 .bss.huart2    0x2000062c       0x88 ./Core/Src/usart.o
                0x2000062c                huart2
 .bss.uwTick    0x200006b4        0x4 ./Drivers/STM32L4xx_HAL_Driver/Src/stm32l4xx_hal.o
                0x200006b4                uwTick
 .bss.KernelState
                0x200006b8        0x4 ./Middlewares/Third_Party/FreeRTOS/Source/CMSIS_RTOS_V2/cmsis_os2.o
 .bss.Idle_TCB.3
                0x200006bc       0xa8 ./Middlewares/Third_Party/FreeRTOS/Source/CMSIS_RTOS_V2/cmsis_os2.o
 .bss.Idle_Stack.2
                0x20000764      0x200 ./Middlewares/Third_Party/FreeRTOS/Source/CMSIS_RTOS_V2/cmsis_os2.o
 .bss.Timer_TCB.1
                0x20000964       0xa8 ./Middlewares/Third_Party/FreeRTOS/Source/CMSIS_RTOS_V2/cmsis_os2.o
 .bss.Timer_Stack.0
                0x20000a0c      0x400 ./Middlewares/Third_Party/FreeRTOS/Source/CMSIS_RTOS_V2/cmsis_os2.o
 .bss.xQueueRegistry
                0x20000e0c       0x40 ./Middlewares/Third_Party/FreeRTOS/Source/queue.o
                0x20000e0c                xQueueRegistry
 .bss.pxCurrentTCB
                0x20000e4c        0x4 ./Middlewares/Third_Party/FreeRTOS/Source/tasks.o
                0x20000e4c                pxCurrentTCB
 .bss.pxReadyTasksLists
                0x20000e50      0x460 ./Middlewares/Third_Party/FreeRTOS/Source/tasks.o
 .bss.xDelayedTaskList1
                0x200012b0       0x14 ./Middlewares/Third_Party/FreeRTOS/Source/tasks.o
 .bss.xDelayedTaskList2
                0x200012c4       0x14 ./Middlewares/Third_Party/FreeRTOS/Source/tasks.o
 .bss.pxDelayedTaskList
                0x200012d8        0x4 ./Middlewares/Third_Party/FreeRTOS/Source/tasks.o
 .bss.pxOverflowDelayedTaskList
                0x200012dc        0x4 ./Middlewares/Third_Party/FreeRTOS/Source/tasks.o
 .bss.xPendingReadyList
                0x200012e0       0x14 ./Middlewares/Third_Party/FreeRTOS/Source/tasks.o
 .bss.xTasksWaitingTermination
                0x200012f4       0x14 ./Middlewares/Third_Party/FreeRTOS/Source/tasks.o
 .bss.uxDeletedTasksWaitingCleanUp
                0x20001308        0x4 ./Middlewares/Third_Party/FreeRTOS/Source/tasks.o
 .bss.xSuspendedTaskList
                0x2000130c       0x14 ./Middlewares/Third_Party/FreeRTOS/Source/tasks.o
 .bss.uxCurrentNumberOfTasks
                0x20001320        0x4 ./Middlewares/Third_Party/FreeRTOS/Source/tasks.o
 .bss.xTickCount
                0x20001324        0x4 ./Middlewares/Third_Party/FreeRTOS/Source/tasks.o
 .bss.uxTopReadyPriority
                0x20001328        0x4 ./Middlewares/Third_Party/FreeRTOS/Source/tasks.o
 .bss.xSchedulerRunning
                0x2000132c        0x4 ./Middlewares/Third_Party/FreeRTOS/Source/tasks.o
 .bss.xPendedTicks
                0x20001330        0x4 ./Middlewares/Third_Party/FreeRTOS/Source/tasks.o
 .bss.xYieldPending
                0x20001334        0x4 ./Middlewares/Third_Party/FreeRTOS/Source/tasks.o
 .bss.xNumOfOverflows
                0x20001338        0x4 ./Middlewares/Third_Party/FreeRTOS/Source/tasks.o
 .bss.uxTaskNumber
                0x2000133c        0x4 ./Middlewares/Third_Party/FreeRTOS/Source/tasks.o
 .bss.xNextTaskUnblockTime
                0x20001340        0x4 ./Middlewares/Third_Party/FreeRTOS/Source/tasks.o
 .bss.xIdleTaskHandle
                0x20001344        0x4 ./Middlewares/Third_Party/FreeRTOS/Source/tasks.o
 .bss.uxSchedulerSuspended
                0x20001348        0x4 ./Middlewares/Third_Party/FreeRTOS/Source/tasks.o
 .bss.xActiveTimerList1
                0x2000134c       0x14 ./Middlewares/Third_Party/FreeRTOS/Source/timers.o
 .bss.xActiveTimerList2
                0x20001360       0x14 ./Middlewares/Third_Party/FreeRTOS/Source/timers.o
 .bss.pxCurrentTimerList
                0x20001374        0x4 ./Middlewares/Third_Party/FreeRTOS/Source/timers.o
 .bss.pxOverflowTimerList
                0x20001378        0x4 ./Middlewares/Third_Party/FreeRTOS/Source/timers.o
 .bss.xTimerQueue
                0x2000137c        0x4 ./Middlewares/Third_Party/FreeRTOS/Source/timers.o
 .bss.xTimerTaskHandle
                0x20001380        0x4 ./Middlewares/Third_Party/FreeRTOS/Source/timers.o
 .bss.xLastTime.2
                0x20001384        0x4 ./Middlewares/Third_Party/FreeRTOS/Source/timers.o
 .bss.ucStaticTimerQueueStorage.1
                0x20001388       0xa0 ./Middlewares/Third_Party/FreeRTOS/Source/timers.o
 .bss.xStaticTimerQueue.0
                0x20001428       0x50 ./Middlewares/Third_Party/FreeRTOS/Source/timers.o
 .bss.ucMaxSysCallPriority
                0x20001478        0x1 ./Middlewares/Third_Party/FreeRTOS/Source/portable/GCC/ARM_CM4F/port.o
 *fill*         0x20001479        0x3 
 .bss.ulMaxPRIGROUPValue
                0x2000147c        0x4 ./Middlewares/Third_Party/FreeRTOS/Source/portable/GCC/ARM_CM4F/port.o
 .bss.ucHeap    0x20001480     0x1770 ./Middlewares/Third_Party/FreeRTOS/Source/portable/MemMang/heap_4.o
 .bss.xStart    0x20002bf0        0x8 ./Middlewares/Third_Party/FreeRTOS/Source/portable/MemMang/heap_4.o
 .bss.pxEnd     0x20002bf8        0x4 ./Middlewares/Third_Party/FreeRTOS/Source/portable/MemMang/heap_4.o
 .bss.xFreeBytesRemaining
                0x20002bfc        0x4 ./Middlewares/Third_Party/FreeRTOS/Source/portable/MemMang/heap_4.o
 .bss.xMinimumEverFreeBytesRemaining
                0x20002c00        0x4 ./Middlewares/Third_Party/FreeRTOS/Source/portable/MemMang/heap_4.o
 .bss.xNumberOfSuccessfulAllocations
                0x20002c04        0x4 ./Middlewares/Third_Party/FreeRTOS/Source/portable/MemMang/heap_4.o
 .bss.xNumberOfSuccessfulFrees
                0x20002c08        0x4 ./Middlewares/Third_Party/FreeRTOS/Source/portable/MemMang/heap_4.o
 .bss.xBlockAllocatedBit
                0x20002c0c        0x4 ./Middlewares/Third_Party/FreeRTOS/Source/portable/MemMang/heap_4.o
 .bss.__malloc_sbrk_start
                0x20002c10        0x4 /Applications/STM32CubeIDE.app/Contents/Eclipse/plugins/com.st.stm32cube.ide.mcu.externaltools.gnu-tools-for-stm32.13.3.rel1.macos64_1.0.0.202411102158/tools/bin/../lib/gcc/arm-none-eabi/13.3.1/../../../../arm-none-eabi/lib/thumb/v7e-m+fp/hard/libc_nano.a(libc_a-mallocr.o)
                0x20002c10                __malloc_sbrk_start
 .bss.__malloc_free_list
                0x20002c14        0x4 /Applications/STM32CubeIDE.app/Contents/Eclipse/plugins/com.st.stm32cube.ide.mcu.externaltools.gnu-tools-for-stm32.13.3.rel1.macos64_1.0.0.202411102158/tools/bin/../lib/gcc/arm-none-eabi/13.3.1/../../../../arm-none-eabi/lib/thumb/v7e-m+fp/hard/libc_nano.a(libc_a-mallocr.o)
                0x20002c14                __malloc_free_list
 .bss.__sf      0x20002c18      0x138 /Applications/STM32CubeIDE.app/Contents/Eclipse/plugins/com.st.stm32cube.ide.mcu.externaltools.gnu-tools-for-stm32.13.3.rel1.macos64_1.0.0.202411102158/tools/bin/../lib/gcc/arm-none-eabi/13.3.1/../../../../arm-none-eabi/lib/thumb/v7e-m+fp/hard/libc_nano.a(libc_a-findfp.o)
                0x20002c18                __sf
 .bss.__lock___malloc_recursive_mutex
                0x20002d50        0x1 /Applications/STM32CubeIDE.app/Contents/Eclipse/plugins/com.st.stm32cube.ide.mcu.externaltools.gnu-tools-for-stm32.13.3.rel1.macos64_1.0.0.202411102158/tools/bin/../lib/gcc/arm-none-eabi/13.3.1/../../../../arm-none-eabi/lib/thumb/v7e-m+fp/hard/libc_nano.a(libc_a-lock.o)
                0x20002d50                __lock___malloc_recursive_mutex
 *fill*         0x20002d51        0x3 
 .bss.errno     0x20002d54        0x4 /Applications/STM32CubeIDE.app/Contents/Eclipse/plugins/com.st.stm32cube.ide.mcu.externaltools.gnu-tools-for-stm32.13.3.rel1.macos64_1.0.0.202411102158/tools/bin/../lib/gcc/arm-none-eabi/13.3.1/../../../../arm-none-eabi/lib/thumb/v7e-m+fp/hard/libc_nano.a(libc_a-reent.o)
                0x20002d54                errno
 .bss.heap_end.0
                0x20002d58        0x4 /Applications/STM32CubeIDE.app/Contents/Eclipse/plugins/com.st.stm32cube.ide.mcu.externaltools.gnu-tools-for-stm32.13.3.rel1.macos64_1.0.0.202411102158/tools/bin/../lib/gcc/arm-none-eabi/13.3.1/../../../../arm-none-eabi/lib/thumb/v7e-m+fp/hard/libnosys.a(sbrk.o)
 *(COMMON)
                0x20002d5c                        . = ALIGN (0x4)
                0x20002d5c                        _ebss = .
                0x20002d5c                        __bss_end__ = _ebss

._user_heap_stack
                0x20002d5c      0x604 load address 0x08009860
                0x20002d60                        . = ALIGN (0x8)
 *fill*         0x20002d5c        0x4 
                0x20002d60                        PROVIDE (end = .)
                [!provide]                        PROVIDE (_end = .)
                0x20002f60                        . = (. + _Min_Heap_Size)
 *fill*         0x20002d60      0x200 
                0x20003360                        . = (. + _Min_Stack_Size)
 *fill*         0x20002f60      0x400 
                0x20003360                        . = ALIGN (0x8)

/DISCARD/
 libc.a(*)
 libm.a(*)
 libgcc.a(*)

.ARM.attributes
                0x00000000       0x30
 *(.ARM.attributes)
 .ARM.attributes
                0x00000000       0x22 /Applications/STM32CubeIDE.app/Contents/Eclipse/plugins/com.st.stm32cube.ide.mcu.externaltools.gnu-tools-for-stm32.13.3.rel1.macos64_1.0.0.202411102158/tools/bin/../lib/gcc/arm-none-eabi/13.3.1/thumb/v7e-m+fp/hard/crti.o
 .ARM.attributes
                0x00000022       0x34 /Applications/STM32CubeIDE.app/Contents/Eclipse/plugins/com.st.stm32cube.ide.mcu.externaltools.gnu-tools-for-stm32.13.3.rel1.macos64_1.0.0.202411102158/tools/bin/../lib/gcc/arm-none-eabi/13.3.1/thumb/v7e-m+fp/hard/crtbegin.o
 .ARM.attributes
                0x00000056       0x34 ./Core/Src/freertos.o
 .ARM.attributes
                0x0000008a       0x34 ./Core/Src/gpio.o
 .ARM.attributes
                0x000000be       0x34 ./Core/Src/main.o
 .ARM.attributes
                0x000000f2       0x34 ./Core/Src/oled_functions.o
 .ARM.attributes
                0x00000126       0x34 ./Core/Src/spi.o
 .ARM.attributes
                0x0000015a       0x34 ./Core/Src/ssd1306.o
 .ARM.attributes
                0x0000018e       0x34 ./Core/Src/ssd1306_fonts.o
 .ARM.attributes
                0x000001c2       0x34 ./Core/Src/stm32l4xx_hal_msp.o
 .ARM.attributes
                0x000001f6       0x34 ./Core/Src/stm32l4xx_hal_timebase_tim.o
 .ARM.attributes
                0x0000022a       0x34 ./Core/Src/stm32l4xx_it.o
 .ARM.attributes
                0x0000025e       0x34 ./Core/Src/system_stm32l4xx.o
 .ARM.attributes
                0x00000292       0x34 ./Core/Src/traffic_functions.o
 .ARM.attributes
                0x000002c6       0x34 ./Core/Src/usart.o
 .ARM.attributes
                0x000002fa       0x21 ./Core/Startup/startup_stm32l476rgtx.o
 .ARM.attributes
                0x0000031b       0x34 ./Drivers/STM32L4xx_HAL_Driver/Src/stm32l4xx_hal.o
 .ARM.attributes
                0x0000034f       0x34 ./Drivers/STM32L4xx_HAL_Driver/Src/stm32l4xx_hal_cortex.o
 .ARM.attributes
                0x00000383       0x34 ./Drivers/STM32L4xx_HAL_Driver/Src/stm32l4xx_hal_gpio.o
 .ARM.attributes
                0x000003b7       0x34 ./Drivers/STM32L4xx_HAL_Driver/Src/stm32l4xx_hal_pwr_ex.o
 .ARM.attributes
                0x000003eb       0x34 ./Drivers/STM32L4xx_HAL_Driver/Src/stm32l4xx_hal_rcc.o
 .ARM.attributes
                0x0000041f       0x34 ./Drivers/STM32L4xx_HAL_Driver/Src/stm32l4xx_hal_rcc_ex.o
 .ARM.attributes
                0x00000453       0x34 ./Drivers/STM32L4xx_HAL_Driver/Src/stm32l4xx_hal_spi.o
 .ARM.attributes
                0x00000487       0x34 ./Drivers/STM32L4xx_HAL_Driver/Src/stm32l4xx_hal_tim.o
 .ARM.attributes
                0x000004bb       0x34 ./Drivers/STM32L4xx_HAL_Driver/Src/stm32l4xx_hal_tim_ex.o
 .ARM.attributes
                0x000004ef       0x34 ./Drivers/STM32L4xx_HAL_Driver/Src/stm32l4xx_hal_uart.o
 .ARM.attributes
                0x00000523       0x34 ./Middlewares/Third_Party/FreeRTOS/Source/CMSIS_RTOS_V2/cmsis_os2.o
 .ARM.attributes
                0x00000557       0x34 ./Middlewares/Third_Party/FreeRTOS/Source/event_groups.o
 .ARM.attributes
                0x0000058b       0x34 ./Middlewares/Third_Party/FreeRTOS/Source/list.o
 .ARM.attributes
                0x000005bf       0x34 ./Middlewares/Third_Party/FreeRTOS/Source/queue.o
 .ARM.attributes
                0x000005f3       0x34 ./Middlewares/Third_Party/FreeRTOS/Source/tasks.o
 .ARM.attributes
                0x00000627       0x34 ./Middlewares/Third_Party/FreeRTOS/Source/timers.o
 .ARM.attributes
                0x0000065b       0x34 ./Middlewares/Third_Party/FreeRTOS/Source/portable/GCC/ARM_CM4F/port.o
 .ARM.attributes
                0x0000068f       0x34 ./Middlewares/Third_Party/FreeRTOS/Source/portable/MemMang/heap_4.o
 .ARM.attributes
                0x000006c3       0x34 /Applications/STM32CubeIDE.app/Contents/Eclipse/plugins/com.st.stm32cube.ide.mcu.externaltools.gnu-tools-for-stm32.13.3.rel1.macos64_1.0.0.202411102158/tools/bin/../lib/gcc/arm-none-eabi/13.3.1/../../../../arm-none-eabi/lib/thumb/v7e-m+fp/hard/libc_nano.a(libc_a-malloc.o)
 .ARM.attributes
                0x000006f7       0x34 /Applications/STM32CubeIDE.app/Contents/Eclipse/plugins/com.st.stm32cube.ide.mcu.externaltools.gnu-tools-for-stm32.13.3.rel1.macos64_1.0.0.202411102158/tools/bin/../lib/gcc/arm-none-eabi/13.3.1/../../../../arm-none-eabi/lib/thumb/v7e-m+fp/hard/libc_nano.a(libc_a-mallocr.o)
 .ARM.attributes
                0x0000072b       0x34 /Applications/STM32CubeIDE.app/Contents/Eclipse/plugins/com.st.stm32cube.ide.mcu.externaltools.gnu-tools-for-stm32.13.3.rel1.macos64_1.0.0.202411102158/tools/bin/../lib/gcc/arm-none-eabi/13.3.1/../../../../arm-none-eabi/lib/thumb/v7e-m+fp/hard/libc_nano.a(libc_a-mlock.o)
 .ARM.attributes
                0x0000075f       0x34 /Applications/STM32CubeIDE.app/Contents/Eclipse/plugins/com.st.stm32cube.ide.mcu.externaltools.gnu-tools-for-stm32.13.3.rel1.macos64_1.0.0.202411102158/tools/bin/../lib/gcc/arm-none-eabi/13.3.1/../../../../arm-none-eabi/lib/thumb/v7e-m+fp/hard/libc_nano.a(libc_a-findfp.o)
 .ARM.attributes
                0x00000793       0x34 /Applications/STM32CubeIDE.app/Contents/Eclipse/plugins/com.st.stm32cube.ide.mcu.externaltools.gnu-tools-for-stm32.13.3.rel1.macos64_1.0.0.202411102158/tools/bin/../lib/gcc/arm-none-eabi/13.3.1/../../../../arm-none-eabi/lib/thumb/v7e-m+fp/hard/libc_nano.a(libc_a-memset.o)
 .ARM.attributes
                0x000007c7       0x34 /Applications/STM32CubeIDE.app/Contents/Eclipse/plugins/com.st.stm32cube.ide.mcu.externaltools.gnu-tools-for-stm32.13.3.rel1.macos64_1.0.0.202411102158/tools/bin/../lib/gcc/arm-none-eabi/13.3.1/../../../../arm-none-eabi/lib/thumb/v7e-m+fp/hard/libc_nano.a(libc_a-sbrkr.o)
 .ARM.attributes
                0x000007fb       0x34 /Applications/STM32CubeIDE.app/Contents/Eclipse/plugins/com.st.stm32cube.ide.mcu.externaltools.gnu-tools-for-stm32.13.3.rel1.macos64_1.0.0.202411102158/tools/bin/../lib/gcc/arm-none-eabi/13.3.1/../../../../arm-none-eabi/lib/thumb/v7e-m+fp/hard/libc_nano.a(libc_a-init.o)
 .ARM.attributes
                0x0000082f       0x34 /Applications/STM32CubeIDE.app/Contents/Eclipse/plugins/com.st.stm32cube.ide.mcu.externaltools.gnu-tools-for-stm32.13.3.rel1.macos64_1.0.0.202411102158/tools/bin/../lib/gcc/arm-none-eabi/13.3.1/../../../../arm-none-eabi/lib/thumb/v7e-m+fp/hard/libc_nano.a(libc_a-lock.o)
 .ARM.attributes
                0x00000863       0x34 /Applications/STM32CubeIDE.app/Contents/Eclipse/plugins/com.st.stm32cube.ide.mcu.externaltools.gnu-tools-for-stm32.13.3.rel1.macos64_1.0.0.202411102158/tools/bin/../lib/gcc/arm-none-eabi/13.3.1/../../../../arm-none-eabi/lib/thumb/v7e-m+fp/hard/libc_nano.a(libc_a-reent.o)
 .ARM.attributes
                0x00000897       0x34 /Applications/STM32CubeIDE.app/Contents/Eclipse/plugins/com.st.stm32cube.ide.mcu.externaltools.gnu-tools-for-stm32.13.3.rel1.macos64_1.0.0.202411102158/tools/bin/../lib/gcc/arm-none-eabi/13.3.1/../../../../arm-none-eabi/lib/thumb/v7e-m+fp/hard/libc_nano.a(libc_a-impure.o)
 .ARM.attributes
                0x000008cb       0x34 /Applications/STM32CubeIDE.app/Contents/Eclipse/plugins/com.st.stm32cube.ide.mcu.externaltools.gnu-tools-for-stm32.13.3.rel1.macos64_1.0.0.202411102158/tools/bin/../lib/gcc/arm-none-eabi/13.3.1/../../../../arm-none-eabi/lib/thumb/v7e-m+fp/hard/libc_nano.a(libc_a-memcpy-stub.o)
 .ARM.attributes
                0x000008ff       0x34 /Applications/STM32CubeIDE.app/Contents/Eclipse/plugins/com.st.stm32cube.ide.mcu.externaltools.gnu-tools-for-stm32.13.3.rel1.macos64_1.0.0.202411102158/tools/bin/../lib/gcc/arm-none-eabi/13.3.1/../../../../arm-none-eabi/lib/thumb/v7e-m+fp/hard/libc_nano.a(libc_a-freer.o)
 .ARM.attributes
                0x00000933       0x22 /Applications/STM32CubeIDE.app/Contents/Eclipse/plugins/com.st.stm32cube.ide.mcu.externaltools.gnu-tools-for-stm32.13.3.rel1.macos64_1.0.0.202411102158/tools/bin/../lib/gcc/arm-none-eabi/13.3.1/thumb/v7e-m+fp/hard/libgcc.a(_aeabi_uldivmod.o)
 .ARM.attributes
                0x00000955       0x34 /Applications/STM32CubeIDE.app/Contents/Eclipse/plugins/com.st.stm32cube.ide.mcu.externaltools.gnu-tools-for-stm32.13.3.rel1.macos64_1.0.0.202411102158/tools/bin/../lib/gcc/arm-none-eabi/13.3.1/thumb/v7e-m+fp/hard/libgcc.a(_udivmoddi4.o)
 .ARM.attributes
                0x00000989       0x22 /Applications/STM32CubeIDE.app/Contents/Eclipse/plugins/com.st.stm32cube.ide.mcu.externaltools.gnu-tools-for-stm32.13.3.rel1.macos64_1.0.0.202411102158/tools/bin/../lib/gcc/arm-none-eabi/13.3.1/thumb/v7e-m+fp/hard/libgcc.a(_dvmd_tls.o)
 .ARM.attributes
                0x000009ab       0x34 /Applications/STM32CubeIDE.app/Contents/Eclipse/plugins/com.st.stm32cube.ide.mcu.externaltools.gnu-tools-for-stm32.13.3.rel1.macos64_1.0.0.202411102158/tools/bin/../lib/gcc/arm-none-eabi/13.3.1/../../../../arm-none-eabi/lib/thumb/v7e-m+fp/hard/libnosys.a(sbrk.o)
 .ARM.attributes
                0x000009df       0x22 /Applications/STM32CubeIDE.app/Contents/Eclipse/plugins/com.st.stm32cube.ide.mcu.externaltools.gnu-tools-for-stm32.13.3.rel1.macos64_1.0.0.202411102158/tools/bin/../lib/gcc/arm-none-eabi/13.3.1/thumb/v7e-m+fp/hard/crtn.o
OUTPUT(IS1300Project.elf elf32-littlearm)
LOAD linker stubs
LOAD /Applications/STM32CubeIDE.app/Contents/Eclipse/plugins/com.st.stm32cube.ide.mcu.externaltools.gnu-tools-for-stm32.13.3.rel1.macos64_1.0.0.202411102158/tools/bin/../lib/gcc/arm-none-eabi/13.3.1/../../../../arm-none-eabi/lib/thumb/v7e-m+fp/hard/libc.a
LOAD /Applications/STM32CubeIDE.app/Contents/Eclipse/plugins/com.st.stm32cube.ide.mcu.externaltools.gnu-tools-for-stm32.13.3.rel1.macos64_1.0.0.202411102158/tools/bin/../lib/gcc/arm-none-eabi/13.3.1/../../../../arm-none-eabi/lib/thumb/v7e-m+fp/hard/libm.a
LOAD /Applications/STM32CubeIDE.app/Contents/Eclipse/plugins/com.st.stm32cube.ide.mcu.externaltools.gnu-tools-for-stm32.13.3.rel1.macos64_1.0.0.202411102158/tools/bin/../lib/gcc/arm-none-eabi/13.3.1/thumb/v7e-m+fp/hard/libgcc.a

.debug_info     0x00000000    0x1ffa9
 .debug_info    0x00000000      0xc3b ./Core/Src/freertos.o
 .debug_info    0x00000c3b      0x473 ./Core/Src/gpio.o
 .debug_info    0x000010ae      0x980 ./Core/Src/main.o
 .debug_info    0x00001a2e      0x43e ./Core/Src/oled_functions.o
 .debug_info    0x00001e6c      0xa15 ./Core/Src/spi.o
 .debug_info    0x00002881     0x1314 ./Core/Src/ssd1306.o
 .debug_info    0x00003b95      0x14d ./Core/Src/ssd1306_fonts.o
 .debug_info    0x00003ce2      0x50d ./Core/Src/stm32l4xx_hal_msp.o
 .debug_info    0x000041ef      0xc71 ./Core/Src/stm32l4xx_hal_timebase_tim.o
 .debug_info    0x00004e60      0x6d1 ./Core/Src/stm32l4xx_it.o
 .debug_info    0x00005531      0x5b1 ./Core/Src/system_stm32l4xx.o
 .debug_info    0x00005ae2      0x824 ./Core/Src/traffic_functions.o
 .debug_info    0x00006306      0xd1b ./Core/Src/usart.o
 .debug_info    0x00007021       0x30 ./Core/Startup/startup_stm32l476rgtx.o
 .debug_info    0x00007051      0xc09 ./Drivers/STM32L4xx_HAL_Driver/Src/stm32l4xx_hal.o
 .debug_info    0x00007c5a      0xd81 ./Drivers/STM32L4xx_HAL_Driver/Src/stm32l4xx_hal_cortex.o
 .debug_info    0x000089db      0x757 ./Drivers/STM32L4xx_HAL_Driver/Src/stm32l4xx_hal_gpio.o
 .debug_info    0x00009132      0x99e ./Drivers/STM32L4xx_HAL_Driver/Src/stm32l4xx_hal_pwr_ex.o
 .debug_info    0x00009ad0      0xc14 ./Drivers/STM32L4xx_HAL_Driver/Src/stm32l4xx_hal_rcc.o
 .debug_info    0x0000a6e4      0xe11 ./Drivers/STM32L4xx_HAL_Driver/Src/stm32l4xx_hal_rcc_ex.o
 .debug_info    0x0000b4f5     0x1549 ./Drivers/STM32L4xx_HAL_Driver/Src/stm32l4xx_hal_spi.o
 .debug_info    0x0000ca3e     0x2a9a ./Drivers/STM32L4xx_HAL_Driver/Src/stm32l4xx_hal_tim.o
 .debug_info    0x0000f4d8     0x169e ./Drivers/STM32L4xx_HAL_Driver/Src/stm32l4xx_hal_tim_ex.o
 .debug_info    0x00010b76     0x3b69 ./Drivers/STM32L4xx_HAL_Driver/Src/stm32l4xx_hal_uart.o
 .debug_info    0x000146df     0x410d ./Middlewares/Third_Party/FreeRTOS/Source/CMSIS_RTOS_V2/cmsis_os2.o
 .debug_info    0x000187ec      0xbd1 ./Middlewares/Third_Party/FreeRTOS/Source/event_groups.o
 .debug_info    0x000193bd      0x2af ./Middlewares/Third_Party/FreeRTOS/Source/list.o
 .debug_info    0x0001966c     0x1b79 ./Middlewares/Third_Party/FreeRTOS/Source/queue.o
 .debug_info    0x0001b1e5     0x28c1 ./Middlewares/Third_Party/FreeRTOS/Source/tasks.o
 .debug_info    0x0001daa6     0x1b50 ./Middlewares/Third_Party/FreeRTOS/Source/timers.o
 .debug_info    0x0001f5f6      0x4de ./Middlewares/Third_Party/FreeRTOS/Source/portable/GCC/ARM_CM4F/port.o
 .debug_info    0x0001fad4      0x4d5 ./Middlewares/Third_Party/FreeRTOS/Source/portable/MemMang/heap_4.o

.debug_abbrev   0x00000000     0x4985
 .debug_abbrev  0x00000000      0x2d7 ./Core/Src/freertos.o
 .debug_abbrev  0x000002d7      0x152 ./Core/Src/gpio.o
 .debug_abbrev  0x00000429      0x22e ./Core/Src/main.o
 .debug_abbrev  0x00000657      0x1c1 ./Core/Src/oled_functions.o
 .debug_abbrev  0x00000818      0x200 ./Core/Src/spi.o
 .debug_abbrev  0x00000a18      0x348 ./Core/Src/ssd1306.o
 .debug_abbrev  0x00000d60       0xae ./Core/Src/ssd1306_fonts.o
 .debug_abbrev  0x00000e0e      0x107 ./Core/Src/stm32l4xx_hal_msp.o
 .debug_abbrev  0x00000f15      0x1f4 ./Core/Src/stm32l4xx_hal_timebase_tim.o
 .debug_abbrev  0x00001109      0x17e ./Core/Src/stm32l4xx_it.o
 .debug_abbrev  0x00001287      0x11a ./Core/Src/system_stm32l4xx.o
 .debug_abbrev  0x000013a1      0x218 ./Core/Src/traffic_functions.o
 .debug_abbrev  0x000015b9      0x1f5 ./Core/Src/usart.o
 .debug_abbrev  0x000017ae       0x24 ./Core/Startup/startup_stm32l476rgtx.o
 .debug_abbrev  0x000017d2      0x243 ./Drivers/STM32L4xx_HAL_Driver/Src/stm32l4xx_hal.o
 .debug_abbrev  0x00001a15      0x31c ./Drivers/STM32L4xx_HAL_Driver/Src/stm32l4xx_hal_cortex.o
 .debug_abbrev  0x00001d31      0x1cb ./Drivers/STM32L4xx_HAL_Driver/Src/stm32l4xx_hal_gpio.o
 .debug_abbrev  0x00001efc      0x1f9 ./Drivers/STM32L4xx_HAL_Driver/Src/stm32l4xx_hal_pwr_ex.o
 .debug_abbrev  0x000020f5      0x2cb ./Drivers/STM32L4xx_HAL_Driver/Src/stm32l4xx_hal_rcc.o
 .debug_abbrev  0x000023c0      0x2a6 ./Drivers/STM32L4xx_HAL_Driver/Src/stm32l4xx_hal_rcc_ex.o
 .debug_abbrev  0x00002666      0x260 ./Drivers/STM32L4xx_HAL_Driver/Src/stm32l4xx_hal_spi.o
 .debug_abbrev  0x000028c6      0x278 ./Drivers/STM32L4xx_HAL_Driver/Src/stm32l4xx_hal_tim.o
 .debug_abbrev  0x00002b3e      0x283 ./Drivers/STM32L4xx_HAL_Driver/Src/stm32l4xx_hal_tim_ex.o
 .debug_abbrev  0x00002dc1      0x2d0 ./Drivers/STM32L4xx_HAL_Driver/Src/stm32l4xx_hal_uart.o
 .debug_abbrev  0x00003091      0x548 ./Middlewares/Third_Party/FreeRTOS/Source/CMSIS_RTOS_V2/cmsis_os2.o
 .debug_abbrev  0x000035d9      0x322 ./Middlewares/Third_Party/FreeRTOS/Source/event_groups.o
 .debug_abbrev  0x000038fb       0xf5 ./Middlewares/Third_Party/FreeRTOS/Source/list.o
 .debug_abbrev  0x000039f0      0x3b6 ./Middlewares/Third_Party/FreeRTOS/Source/queue.o
 .debug_abbrev  0x00003da6      0x3fe ./Middlewares/Third_Party/FreeRTOS/Source/tasks.o
 .debug_abbrev  0x000041a4      0x368 ./Middlewares/Third_Party/FreeRTOS/Source/timers.o
 .debug_abbrev  0x0000450c      0x25c ./Middlewares/Third_Party/FreeRTOS/Source/portable/GCC/ARM_CM4F/port.o
 .debug_abbrev  0x00004768      0x21d ./Middlewares/Third_Party/FreeRTOS/Source/portable/MemMang/heap_4.o

.debug_aranges  0x00000000     0x1ad0
 .debug_aranges
                0x00000000       0x50 ./Core/Src/freertos.o
 .debug_aranges
                0x00000050       0x20 ./Core/Src/gpio.o
 .debug_aranges
                0x00000070       0x38 ./Core/Src/main.o
 .debug_aranges
                0x000000a8       0x40 ./Core/Src/oled_functions.o
 .debug_aranges
                0x000000e8       0x38 ./Core/Src/spi.o
 .debug_aranges
                0x00000120       0xe8 ./Core/Src/ssd1306.o
 .debug_aranges
                0x00000208       0x18 ./Core/Src/ssd1306_fonts.o
 .debug_aranges
                0x00000220       0x20 ./Core/Src/stm32l4xx_hal_msp.o
 .debug_aranges
                0x00000240       0x30 ./Core/Src/stm32l4xx_hal_timebase_tim.o
 .debug_aranges
                0x00000270       0x50 ./Core/Src/stm32l4xx_it.o
 .debug_aranges
                0x000002c0       0x28 ./Core/Src/system_stm32l4xx.o
 .debug_aranges
                0x000002e8       0x28 ./Core/Src/traffic_functions.o
 .debug_aranges
                0x00000310       0x30 ./Core/Src/usart.o
 .debug_aranges
                0x00000340       0x28 ./Core/Startup/startup_stm32l476rgtx.o
 .debug_aranges
                0x00000368      0x130 ./Drivers/STM32L4xx_HAL_Driver/Src/stm32l4xx_hal.o
 .debug_aranges
                0x00000498      0x128 ./Drivers/STM32L4xx_HAL_Driver/Src/stm32l4xx_hal_cortex.o
 .debug_aranges
                0x000005c0       0x58 ./Drivers/STM32L4xx_HAL_Driver/Src/stm32l4xx_hal_gpio.o
 .debug_aranges
                0x00000618      0x160 ./Drivers/STM32L4xx_HAL_Driver/Src/stm32l4xx_hal_pwr_ex.o
 .debug_aranges
                0x00000778       0x90 ./Drivers/STM32L4xx_HAL_Driver/Src/stm32l4xx_hal_rcc.o
 .debug_aranges
                0x00000808       0xc0 ./Drivers/STM32L4xx_HAL_Driver/Src/stm32l4xx_hal_rcc_ex.o
 .debug_aranges
                0x000008c8      0x1d8 ./Drivers/STM32L4xx_HAL_Driver/Src/stm32l4xx_hal_spi.o
 .debug_aranges
                0x00000aa0      0x3e0 ./Drivers/STM32L4xx_HAL_Driver/Src/stm32l4xx_hal_tim.o
 .debug_aranges
                0x00000e80      0x180 ./Drivers/STM32L4xx_HAL_Driver/Src/stm32l4xx_hal_tim_ex.o
 .debug_aranges
                0x00001000      0x228 ./Drivers/STM32L4xx_HAL_Driver/Src/stm32l4xx_hal_uart.o
 .debug_aranges
                0x00001228      0x2b0 ./Middlewares/Third_Party/FreeRTOS/Source/CMSIS_RTOS_V2/cmsis_os2.o
 .debug_aranges
                0x000014d8       0x90 ./Middlewares/Third_Party/FreeRTOS/Source/event_groups.o
 .debug_aranges
                0x00001568       0x40 ./Middlewares/Third_Party/FreeRTOS/Source/list.o
 .debug_aranges
                0x000015a8      0x158 ./Middlewares/Third_Party/FreeRTOS/Source/queue.o
 .debug_aranges
                0x00001700      0x208 ./Middlewares/Third_Party/FreeRTOS/Source/tasks.o
 .debug_aranges
                0x00001908       0xf0 ./Middlewares/Third_Party/FreeRTOS/Source/timers.o
 .debug_aranges
                0x000019f8       0x80 ./Middlewares/Third_Party/FreeRTOS/Source/portable/GCC/ARM_CM4F/port.o
 .debug_aranges
                0x00001a78       0x58 ./Middlewares/Third_Party/FreeRTOS/Source/portable/MemMang/heap_4.o

.debug_rnglists
                0x00000000     0x14b1
 .debug_rnglists
                0x00000000       0x3d ./Core/Src/freertos.o
 .debug_rnglists
                0x0000003d       0x14 ./Core/Src/gpio.o
 .debug_rnglists
                0x00000051       0x26 ./Core/Src/main.o
 .debug_rnglists
                0x00000077       0x2c ./Core/Src/oled_functions.o
 .debug_rnglists
                0x000000a3       0x26 ./Core/Src/spi.o
 .debug_rnglists
                0x000000c9       0xb4 ./Core/Src/ssd1306.o
 .debug_rnglists
                0x0000017d       0x13 ./Core/Src/stm32l4xx_hal_msp.o
 .debug_rnglists
                0x00000190       0x20 ./Core/Src/stm32l4xx_hal_timebase_tim.o
 .debug_rnglists
                0x000001b0       0x37 ./Core/Src/stm32l4xx_it.o
 .debug_rnglists
                0x000001e7       0x1a ./Core/Src/system_stm32l4xx.o
 .debug_rnglists
                0x00000201       0x19 ./Core/Src/traffic_functions.o
 .debug_rnglists
                0x0000021a       0x20 ./Core/Src/usart.o
 .debug_rnglists
                0x0000023a       0x19 ./Core/Startup/startup_stm32l476rgtx.o
 .debug_rnglists
                0x00000253       0xdf ./Drivers/STM32L4xx_HAL_Driver/Src/stm32l4xx_hal.o
 .debug_rnglists
                0x00000332       0xda ./Drivers/STM32L4xx_HAL_Driver/Src/stm32l4xx_hal_cortex.o
 .debug_rnglists
                0x0000040c       0x3f ./Drivers/STM32L4xx_HAL_Driver/Src/stm32l4xx_hal_gpio.o
 .debug_rnglists
                0x0000044b      0x109 ./Drivers/STM32L4xx_HAL_Driver/Src/stm32l4xx_hal_pwr_ex.o
 .debug_rnglists
                0x00000554       0x6d ./Drivers/STM32L4xx_HAL_Driver/Src/stm32l4xx_hal_rcc.o
 .debug_rnglists
                0x000005c1       0x95 ./Drivers/STM32L4xx_HAL_Driver/Src/stm32l4xx_hal_rcc_ex.o
 .debug_rnglists
                0x00000656      0x178 ./Drivers/STM32L4xx_HAL_Driver/Src/stm32l4xx_hal_spi.o
 .debug_rnglists
                0x000007ce      0x328 ./Drivers/STM32L4xx_HAL_Driver/Src/stm32l4xx_hal_tim.o
 .debug_rnglists
                0x00000af6      0x139 ./Drivers/STM32L4xx_HAL_Driver/Src/stm32l4xx_hal_tim_ex.o
 .debug_rnglists
                0x00000c2f      0x1db ./Drivers/STM32L4xx_HAL_Driver/Src/stm32l4xx_hal_uart.o
 .debug_rnglists
                0x00000e0a      0x212 ./Middlewares/Third_Party/FreeRTOS/Source/CMSIS_RTOS_V2/cmsis_os2.o
 .debug_rnglists
                0x0000101c       0x6a ./Middlewares/Third_Party/FreeRTOS/Source/event_groups.o
 .debug_rnglists
                0x00001086       0x2b ./Middlewares/Third_Party/FreeRTOS/Source/list.o
 .debug_rnglists
                0x000010b1      0x109 ./Middlewares/Third_Party/FreeRTOS/Source/queue.o
 .debug_rnglists
                0x000011ba      0x1a0 ./Middlewares/Third_Party/FreeRTOS/Source/tasks.o
 .debug_rnglists
                0x0000135a       0xb8 ./Middlewares/Third_Party/FreeRTOS/Source/timers.o
 .debug_rnglists
                0x00001412       0x5d ./Middlewares/Third_Party/FreeRTOS/Source/portable/GCC/ARM_CM4F/port.o
 .debug_rnglists
                0x0000146f       0x42 ./Middlewares/Third_Party/FreeRTOS/Source/portable/MemMang/heap_4.o

.debug_macro    0x00000000    0x2af2b
 .debug_macro   0x00000000      0x3ba ./Core/Src/freertos.o
 .debug_macro   0x000003ba      0xad8 ./Core/Src/freertos.o
 .debug_macro   0x00000e92      0x190 ./Core/Src/freertos.o
 .debug_macro   0x00001022       0x22 ./Core/Src/freertos.o
 .debug_macro   0x00001044       0x8e ./Core/Src/freertos.o
 .debug_macro   0x000010d2       0x51 ./Core/Src/freertos.o
 .debug_macro   0x00001123      0x103 ./Core/Src/freertos.o
 .debug_macro   0x00001226       0x6a ./Core/Src/freertos.o
 .debug_macro   0x00001290      0x1df ./Core/Src/freertos.o
 .debug_macro   0x0000146f      0x16f ./Core/Src/freertos.o
 .debug_macro   0x000015de      0x15a ./Core/Src/freertos.o
 .debug_macro   0x00001738       0xc9 ./Core/Src/freertos.o
 .debug_macro   0x00001801       0x1c ./Core/Src/freertos.o
 .debug_macro   0x0000181d       0x26 ./Core/Src/freertos.o